May 16 16:08:03 skyin-Lenovo kernel: Linux version 6.17.0-20-generic (buildd@lcy02-amd64-120) (x86_64-linux-gnu-gcc-13 (Ubuntu 13.3.0-6ubuntu2~24.04.1) 13.3.0, GNU ld (GNU Binutils for Ubuntu) 2.42) #20~24.04.1-Ubuntu SMP PREEMPT_DYNAMIC Thu Mar 19 01:28:37 UTC 2 (Ubuntu 6.17.0-20.20~24.04.1-generic 6.17.13)
May 16 16:08:03 skyin-Lenovo kernel: Command line: BOOT_IMAGE=/boot/vmlinuz-6.17.0-20-generic root=UUID=1e8991aa-f189-4501-afc5-d6bf529d1d3c ro quiet splash vt.handoff=7
May 16 16:08:03 skyin-Lenovo kernel: KERNEL supported cpus:
May 16 16:08:03 skyin-Lenovo kernel:   Intel GenuineIntel
May 16 16:08:03 skyin-Lenovo kernel:   AMD AuthenticAMD
May 16 16:08:03 skyin-Lenovo kernel:   Hygon HygonGenuine
May 16 16:08:03 skyin-Lenovo kernel:   Centaur CentaurHauls
May 16 16:08:03 skyin-Lenovo kernel:   zhaoxin   Shanghai  
May 16 16:08:03 skyin-Lenovo kernel: BIOS-provided physical RAM map:
May 16 16:08:03 skyin-Lenovo kernel: BIOS-e820: [mem 0x0000000000000000-0x0000000000057fff] usable
May 16 16:08:03 skyin-Lenovo kernel: BIOS-e820: [mem 0x0000000000058000-0x0000000000058fff] reserved
May 16 16:08:03 skyin-Lenovo kernel: BIOS-e820: [mem 0x0000000000059000-0x000000000009cfff] usable
May 16 16:08:03 skyin-Lenovo kernel: BIOS-e820: [mem 0x000000000009d000-0x00000000000fffff] reserved
May 16 16:08:03 skyin-Lenovo kernel: BIOS-e820: [mem 0x0000000000100000-0x000000003fffffff] usable
May 16 16:08:03 skyin-Lenovo kernel: BIOS-e820: [mem 0x0000000040000000-0x00000000403fffff] reserved
May 16 16:08:03 skyin-Lenovo kernel: BIOS-e820: [mem 0x0000000040400000-0x00000000a120bfff] usable
May 16 16:08:03 skyin-Lenovo kernel: BIOS-e820: [mem 0x00000000a120c000-0x00000000a120cfff] ACPI NVS
May 16 16:08:03 skyin-Lenovo kernel: BIOS-e820: [mem 0x00000000a120d000-0x00000000a120dfff] reserved
May 16 16:08:03 skyin-Lenovo kernel: BIOS-e820: [mem 0x00000000a120e000-0x00000000adedbfff] usable
May 16 16:08:03 skyin-Lenovo kernel: BIOS-e820: [mem 0x00000000adedc000-0x00000000afde0fff] reserved
May 16 16:08:03 skyin-Lenovo kernel: BIOS-e820: [mem 0x00000000afde1000-0x00000000aff5afff] ACPI NVS
May 16 16:08:03 skyin-Lenovo kernel: BIOS-e820: [mem 0x00000000aff5b000-0x00000000aff5bfff] reserved
May 16 16:08:03 skyin-Lenovo kernel: BIOS-e820: [mem 0x00000000aff5c000-0x00000000aff99fff] ACPI NVS
May 16 16:08:03 skyin-Lenovo kernel: BIOS-e820: [mem 0x00000000aff9a000-0x00000000afffefff] ACPI data
May 16 16:08:03 skyin-Lenovo kernel: BIOS-e820: [mem 0x00000000affff000-0x00000000afffffff] usable
May 16 16:08:03 skyin-Lenovo kernel: BIOS-e820: [mem 0x00000000b0000000-0x00000000bb7fffff] reserved
May 16 16:08:03 skyin-Lenovo kernel: BIOS-e820: [mem 0x00000000e0000000-0x00000000efffffff] reserved
May 16 16:08:03 skyin-Lenovo kernel: BIOS-e820: [mem 0x00000000fe010000-0x00000000fe010fff] reserved
May 16 16:08:03 skyin-Lenovo kernel: BIOS-e820: [mem 0x0000000100000000-0x00000002437fffff] usable
May 16 16:08:03 skyin-Lenovo kernel: NX (Execute Disable) protection: active
May 16 16:08:03 skyin-Lenovo kernel: APIC: Static calls initialized
May 16 16:08:03 skyin-Lenovo kernel: efi: EFI v2.5 by Phoenix Technologies Ltd.
May 16 16:08:03 skyin-Lenovo kernel: efi: SMBIOS=0xae194000 SMBIOS 3.0=0xae191000 ACPI=0xafffe000 ACPI 2.0=0xafffe014 MEMATTR=0xab65a298 ESRT=0xadff4000 MOKvar=0xadff3000 INITRD=0xa1379a18 
May 16 16:08:03 skyin-Lenovo kernel: efi: Remove mem50: MMIO range=[0xe0000000-0xefffffff] (256MB) from e820 map
May 16 16:08:03 skyin-Lenovo kernel: e820: remove [mem 0xe0000000-0xefffffff] reserved
May 16 16:08:03 skyin-Lenovo kernel: efi: Not removing mem51: MMIO range=[0xfe010000-0xfe010fff] (4KB) from e820 map
May 16 16:08:03 skyin-Lenovo kernel: SMBIOS 3.0.0 present.
May 16 16:08:03 skyin-Lenovo kernel: DMI: LENOVO INVALID/LNVNB161216, BIOS 1NCN77WW 06/12/2020
May 16 16:08:03 skyin-Lenovo kernel: DMI: Memory slots populated: 2/2
May 16 16:08:03 skyin-Lenovo kernel: secureboot: Secure boot disabled
May 16 16:08:03 skyin-Lenovo kernel: tsc: Detected 2400.000 MHz processor
May 16 16:08:03 skyin-Lenovo kernel: e820: update [mem 0x00000000-0x00000fff] usable ==> reserved
May 16 16:08:03 skyin-Lenovo kernel: e820: remove [mem 0x000a0000-0x000fffff] usable
May 16 16:08:03 skyin-Lenovo kernel: last_pfn = 0x243800 max_arch_pfn = 0x400000000
May 16 16:08:03 skyin-Lenovo kernel: MTRR map: 4 entries (3 fixed + 1 variable; max 23), built from 10 variable MTRRs
May 16 16:08:03 skyin-Lenovo kernel: x86/PAT: Configuration [0-7]: WB  WC  UC- UC  WB  WP  UC- WT  
May 16 16:08:03 skyin-Lenovo kernel: last_pfn = 0xb0000 max_arch_pfn = 0x400000000
May 16 16:08:03 skyin-Lenovo kernel: esrt: Reserving ESRT space from 0x00000000adff4000 to 0x00000000adff4038.
May 16 16:08:03 skyin-Lenovo kernel: Using GB pages for direct mapping
May 16 16:08:03 skyin-Lenovo kernel: secureboot: Secure boot disabled
May 16 16:08:03 skyin-Lenovo kernel: RAMDISK: [mem 0x958fa000-0x9a37afff]
May 16 16:08:03 skyin-Lenovo kernel: ACPI: Early table checksum verification disabled
May 16 16:08:03 skyin-Lenovo kernel: ACPI: RSDP 0x00000000AFFFE014 000024 (v02 LENOVO)
May 16 16:08:03 skyin-Lenovo kernel: ACPI: XSDT 0x00000000AFFB8188 00011C (v01 LENOVO CB-01    00000000 LENO 00000001)
May 16 16:08:03 skyin-Lenovo kernel: ACPI: FACP 0x00000000AFFF6000 00010C (v05 LENOVO CB-01    00000000 LENO 00000001)
May 16 16:08:03 skyin-Lenovo kernel: ACPI: DSDT 0x00000000AFFC7000 02B987 (v02 LENOVO SKL      00000000 INTL 20160527)
May 16 16:08:03 skyin-Lenovo kernel: ACPI: FACS 0x00000000AFE3D000 000040
May 16 16:08:03 skyin-Lenovo kernel: ACPI: UEFI 0x00000000AFE53000 000042 (v01 LENOVO CB-01    00000002 LENO 00000001)
May 16 16:08:03 skyin-Lenovo kernel: ACPI: SSDT 0x00000000AFFF9000 0030EA (v02 LENOVO SaSsdt   00003000 INTL 20160527)
May 16 16:08:03 skyin-Lenovo kernel: ACPI: SSDT 0x00000000AFFF8000 000822 (v02 LENOVO PerfTune 00001000 INTL 20160527)
May 16 16:08:03 skyin-Lenovo kernel: ACPI: ECDT 0x00000000AFFF7000 000054 (v01 LENOVO CB-01    00000001 LENO 00000001)
May 16 16:08:03 skyin-Lenovo kernel: ACPI: HPET 0x00000000AFFF5000 000038 (v01 LENOVO CB-01    00000001 LENO 00000001)
May 16 16:08:03 skyin-Lenovo kernel: ACPI: APIC 0x00000000AFFF4000 00012C (v03 LENOVO CB-01    00000001 LENO 00000001)
May 16 16:08:03 skyin-Lenovo kernel: ACPI: MCFG 0x00000000AFFF3000 00003C (v01 LENOVO CB-01    00000001 LENO 00000001)
May 16 16:08:03 skyin-Lenovo kernel: ACPI: SSDT 0x00000000AFFC6000 000713 (v02 LENOVO xh_rvp07 00000000 INTL 20160527)
May 16 16:08:03 skyin-Lenovo kernel: ACPI: BOOT 0x00000000AFFC5000 000028 (v01 LENOVO CB-01    00000002 LENO 00000001)
May 16 16:08:03 skyin-Lenovo kernel: ACPI: SSDT 0x00000000AFFC4000 0000C6 (v02 LENOVO TcmTabl_ 00001000 INTL 20160527)
May 16 16:08:03 skyin-Lenovo kernel: ACPI: SSDT 0x00000000AFFC2000 0017AE (v02 LENOVO CpuSsdt  00003000 INTL 20160527)
May 16 16:08:03 skyin-Lenovo kernel: ACPI: LPIT 0x00000000AFFC1000 000094 (v01 LENOVO CB-01    00000000 LENO 00000001)
May 16 16:08:03 skyin-Lenovo kernel: ACPI: WSMT 0x00000000AFFC0000 000028 (v01 LENOVO CB-01    00000000 LENO 00000001)
May 16 16:08:03 skyin-Lenovo kernel: ACPI: SSDT 0x00000000AFFBF000 000141 (v02 LENOVO HdaDsp   00000000 INTL 20160527)
May 16 16:08:03 skyin-Lenovo kernel: ACPI: SSDT 0x00000000AFFBE000 000517 (v02 LENOVO TbtTypeC 00000000 INTL 20160527)
May 16 16:08:03 skyin-Lenovo kernel: ACPI: SSDT 0x00000000AFFBD000 0002E9 (v02 LENOVO Wwan     00000001 INTL 20160527)
May 16 16:08:03 skyin-Lenovo kernel: ACPI: DBGP 0x00000000AFFBC000 000034 (v01 LENOVO CB-01    00000002 LENO 00000001)
May 16 16:08:03 skyin-Lenovo kernel: ACPI: DBG2 0x00000000AFFBB000 000054 (v00 LENOVO CB-01    00000002 LENO 00000001)
May 16 16:08:03 skyin-Lenovo kernel: ACPI: POAT 0x00000000AFFBA000 000055 (v03 LENOVO CB-01    00000000 LENO 00000001)
May 16 16:08:03 skyin-Lenovo kernel: ACPI: SLIC 0x00000000AFFB9000 000176 (v01 LENOVO CB-01    00000001 LENO 00000001)
May 16 16:08:03 skyin-Lenovo kernel: ACPI: BATB 0x00000000AFFFD000 00004A (v02 LENOVO CB-01    00000000 LENO 00000001)
May 16 16:08:03 skyin-Lenovo kernel: ACPI: SSDT 0x00000000AFFB4000 003855 (v02 LENOVO DptfTabl 00001000 INTL 20160527)
May 16 16:08:03 skyin-Lenovo kernel: ACPI: SSDT 0x00000000AFFB3000 000977 (v02 LENOVO GddvDumm 00001000 INTL 20160527)
May 16 16:08:03 skyin-Lenovo kernel: ACPI: DMAR 0x00000000AFFB2000 0000A8 (v01 LENOVO CB-01    00000001 LENO 00000001)
May 16 16:08:03 skyin-Lenovo kernel: ACPI: UEFI 0x00000000AFE3A000 00063A (v01 LENOVO CB-01    00000000 LENO 00000001)
May 16 16:08:03 skyin-Lenovo kernel: ACPI: UEFI 0x00000000AFE39000 00005C (v01 LENOVO CB-01    00000000 LENO 00000001)
May 16 16:08:03 skyin-Lenovo kernel: ACPI: ASF! 0x00000000AFFB1000 0000A0 (v32 LENOVO CB-01    00000001 LENO 00000001)
May 16 16:08:03 skyin-Lenovo kernel: ACPI: FPDT 0x00000000AFFB0000 000044 (v01 LENOVO CB-01    00000002 LENO 00000001)
May 16 16:08:03 skyin-Lenovo kernel: ACPI: BGRT 0x00000000AFFAF000 000038 (v01 LENOVO CB-01    00000002 LENO 00000001)
May 16 16:08:03 skyin-Lenovo kernel: ACPI: UEFI 0x00000000AFE38000 00013E (v01 LENOVO CB-01    00000001 LENO 00000001)
May 16 16:08:03 skyin-Lenovo kernel: ACPI: Reserving FACP table memory at [mem 0xafff6000-0xafff610b]
May 16 16:08:03 skyin-Lenovo kernel: ACPI: Reserving DSDT table memory at [mem 0xaffc7000-0xafff2986]
May 16 16:08:03 skyin-Lenovo kernel: ACPI: Reserving FACS table memory at [mem 0xafe3d000-0xafe3d03f]
May 16 16:08:03 skyin-Lenovo kernel: ACPI: Reserving UEFI table memory at [mem 0xafe53000-0xafe53041]
May 16 16:08:03 skyin-Lenovo kernel: ACPI: Reserving SSDT table memory at [mem 0xafff9000-0xafffc0e9]
May 16 16:08:03 skyin-Lenovo kernel: ACPI: Reserving SSDT table memory at [mem 0xafff8000-0xafff8821]
May 16 16:08:03 skyin-Lenovo kernel: ACPI: Reserving ECDT table memory at [mem 0xafff7000-0xafff7053]
May 16 16:08:03 skyin-Lenovo kernel: ACPI: Reserving HPET table memory at [mem 0xafff5000-0xafff5037]
May 16 16:08:03 skyin-Lenovo kernel: ACPI: Reserving APIC table memory at [mem 0xafff4000-0xafff412b]
May 16 16:08:03 skyin-Lenovo kernel: ACPI: Reserving MCFG table memory at [mem 0xafff3000-0xafff303b]
May 16 16:08:03 skyin-Lenovo kernel: ACPI: Reserving SSDT table memory at [mem 0xaffc6000-0xaffc6712]
May 16 16:08:03 skyin-Lenovo kernel: ACPI: Reserving BOOT table memory at [mem 0xaffc5000-0xaffc5027]
May 16 16:08:03 skyin-Lenovo kernel: ACPI: Reserving SSDT table memory at [mem 0xaffc4000-0xaffc40c5]
May 16 16:08:03 skyin-Lenovo kernel: ACPI: Reserving SSDT table memory at [mem 0xaffc2000-0xaffc37ad]
May 16 16:08:03 skyin-Lenovo kernel: ACPI: Reserving LPIT table memory at [mem 0xaffc1000-0xaffc1093]
May 16 16:08:03 skyin-Lenovo kernel: ACPI: Reserving WSMT table memory at [mem 0xaffc0000-0xaffc0027]
May 16 16:08:03 skyin-Lenovo kernel: ACPI: Reserving SSDT table memory at [mem 0xaffbf000-0xaffbf140]
May 16 16:08:03 skyin-Lenovo kernel: ACPI: Reserving SSDT table memory at [mem 0xaffbe000-0xaffbe516]
May 16 16:08:03 skyin-Lenovo kernel: ACPI: Reserving SSDT table memory at [mem 0xaffbd000-0xaffbd2e8]
May 16 16:08:03 skyin-Lenovo kernel: ACPI: Reserving DBGP table memory at [mem 0xaffbc000-0xaffbc033]
May 16 16:08:03 skyin-Lenovo kernel: ACPI: Reserving DBG2 table memory at [mem 0xaffbb000-0xaffbb053]
May 16 16:08:03 skyin-Lenovo kernel: ACPI: Reserving POAT table memory at [mem 0xaffba000-0xaffba054]
May 16 16:08:03 skyin-Lenovo kernel: ACPI: Reserving SLIC table memory at [mem 0xaffb9000-0xaffb9175]
May 16 16:08:03 skyin-Lenovo kernel: ACPI: Reserving BATB table memory at [mem 0xafffd000-0xafffd049]
May 16 16:08:03 skyin-Lenovo kernel: ACPI: Reserving SSDT table memory at [mem 0xaffb4000-0xaffb7854]
May 16 16:08:03 skyin-Lenovo kernel: ACPI: Reserving SSDT table memory at [mem 0xaffb3000-0xaffb3976]
May 16 16:08:03 skyin-Lenovo kernel: ACPI: Reserving DMAR table memory at [mem 0xaffb2000-0xaffb20a7]
May 16 16:08:03 skyin-Lenovo kernel: ACPI: Reserving UEFI table memory at [mem 0xafe3a000-0xafe3a639]
May 16 16:08:03 skyin-Lenovo kernel: ACPI: Reserving UEFI table memory at [mem 0xafe39000-0xafe3905b]
May 16 16:08:03 skyin-Lenovo kernel: ACPI: Reserving ASF! table memory at [mem 0xaffb1000-0xaffb109f]
May 16 16:08:03 skyin-Lenovo kernel: ACPI: Reserving FPDT table memory at [mem 0xaffb0000-0xaffb0043]
May 16 16:08:03 skyin-Lenovo kernel: ACPI: Reserving BGRT table memory at [mem 0xaffaf000-0xaffaf037]
May 16 16:08:03 skyin-Lenovo kernel: ACPI: Reserving UEFI table memory at [mem 0xafe38000-0xafe3813d]
May 16 16:08:03 skyin-Lenovo kernel: No NUMA configuration found
May 16 16:08:03 skyin-Lenovo kernel: Faking a node at [mem 0x0000000000000000-0x00000002437fffff]
May 16 16:08:03 skyin-Lenovo kernel: NODE_DATA(0) allocated [mem 0x2437d52c0-0x2437fffff]
May 16 16:08:03 skyin-Lenovo kernel: Zone ranges:
May 16 16:08:03 skyin-Lenovo kernel:   DMA      [mem 0x0000000000001000-0x0000000000ffffff]
May 16 16:08:03 skyin-Lenovo kernel:   DMA32    [mem 0x0000000001000000-0x00000000ffffffff]
May 16 16:08:03 skyin-Lenovo kernel:   Normal   [mem 0x0000000100000000-0x00000002437fffff]
May 16 16:08:03 skyin-Lenovo kernel:   Device   empty
May 16 16:08:03 skyin-Lenovo kernel: Movable zone start for each node
May 16 16:08:03 skyin-Lenovo kernel: Early memory node ranges
May 16 16:08:03 skyin-Lenovo kernel:   node   0: [mem 0x0000000000001000-0x0000000000057fff]
May 16 16:08:03 skyin-Lenovo kernel:   node   0: [mem 0x0000000000059000-0x000000000009cfff]
May 16 16:08:03 skyin-Lenovo kernel:   node   0: [mem 0x0000000000100000-0x000000003fffffff]
May 16 16:08:03 skyin-Lenovo kernel:   node   0: [mem 0x0000000040400000-0x00000000a120bfff]
May 16 16:08:03 skyin-Lenovo kernel:   node   0: [mem 0x00000000a120e000-0x00000000adedbfff]
May 16 16:08:03 skyin-Lenovo kernel:   node   0: [mem 0x00000000affff000-0x00000000afffffff]
May 16 16:08:03 skyin-Lenovo kernel:   node   0: [mem 0x0000000100000000-0x00000002437fffff]
May 16 16:08:03 skyin-Lenovo kernel: Initmem setup node 0 [mem 0x0000000000001000-0x00000002437fffff]
May 16 16:08:03 skyin-Lenovo kernel: On node 0, zone DMA: 1 pages in unavailable ranges
May 16 16:08:03 skyin-Lenovo kernel: On node 0, zone DMA: 1 pages in unavailable ranges
May 16 16:08:03 skyin-Lenovo kernel: On node 0, zone DMA: 99 pages in unavailable ranges
May 16 16:08:03 skyin-Lenovo kernel: On node 0, zone DMA32: 1024 pages in unavailable ranges
May 16 16:08:03 skyin-Lenovo kernel: On node 0, zone DMA32: 2 pages in unavailable ranges
May 16 16:08:03 skyin-Lenovo kernel: On node 0, zone DMA32: 8483 pages in unavailable ranges
May 16 16:08:03 skyin-Lenovo kernel: On node 0, zone Normal: 18432 pages in unavailable ranges
May 16 16:08:03 skyin-Lenovo kernel: Reserving Intel graphics memory at [mem 0xb9800000-0xbb7fffff]
May 16 16:08:03 skyin-Lenovo kernel: ACPI: PM-Timer IO Port: 0x1808
May 16 16:08:03 skyin-Lenovo kernel: ACPI: LAPIC_NMI (acpi_id[0x01] high edge lint[0x1])
May 16 16:08:03 skyin-Lenovo kernel: ACPI: LAPIC_NMI (acpi_id[0x02] high edge lint[0x1])
May 16 16:08:03 skyin-Lenovo kernel: ACPI: LAPIC_NMI (acpi_id[0x03] high edge lint[0x1])
May 16 16:08:03 skyin-Lenovo kernel: ACPI: LAPIC_NMI (acpi_id[0x04] high edge lint[0x1])
May 16 16:08:03 skyin-Lenovo kernel: ACPI: LAPIC_NMI (acpi_id[0x05] high edge lint[0x1])
May 16 16:08:03 skyin-Lenovo kernel: ACPI: LAPIC_NMI (acpi_id[0x06] high edge lint[0x1])
May 16 16:08:03 skyin-Lenovo kernel: ACPI: LAPIC_NMI (acpi_id[0x07] high edge lint[0x1])
May 16 16:08:03 skyin-Lenovo kernel: ACPI: LAPIC_NMI (acpi_id[0x08] high edge lint[0x1])
May 16 16:08:03 skyin-Lenovo kernel: ACPI: LAPIC_NMI (acpi_id[0x09] high edge lint[0x1])
May 16 16:08:03 skyin-Lenovo kernel: ACPI: LAPIC_NMI (acpi_id[0x0a] high edge lint[0x1])
May 16 16:08:03 skyin-Lenovo kernel: ACPI: LAPIC_NMI (acpi_id[0x0b] high edge lint[0x1])
May 16 16:08:03 skyin-Lenovo kernel: ACPI: LAPIC_NMI (acpi_id[0x0c] high edge lint[0x1])
May 16 16:08:03 skyin-Lenovo kernel: ACPI: LAPIC_NMI (acpi_id[0x0d] high edge lint[0x1])
May 16 16:08:03 skyin-Lenovo kernel: ACPI: LAPIC_NMI (acpi_id[0x0e] high edge lint[0x1])
May 16 16:08:03 skyin-Lenovo kernel: ACPI: LAPIC_NMI (acpi_id[0x0f] high edge lint[0x1])
May 16 16:08:03 skyin-Lenovo kernel: ACPI: LAPIC_NMI (acpi_id[0x10] high edge lint[0x1])
May 16 16:08:03 skyin-Lenovo kernel: IOAPIC[0]: apic_id 2, version 32, address 0xfec00000, GSI 0-119
May 16 16:08:03 skyin-Lenovo kernel: ACPI: INT_SRC_OVR (bus 0 bus_irq 0 global_irq 2 dfl dfl)
May 16 16:08:03 skyin-Lenovo kernel: ACPI: INT_SRC_OVR (bus 0 bus_irq 9 global_irq 9 high level)
May 16 16:08:03 skyin-Lenovo kernel: ACPI: Using ACPI (MADT) for SMP configuration information
May 16 16:08:03 skyin-Lenovo kernel: ACPI: HPET id: 0x8086a201 base: 0xfed00000
May 16 16:08:03 skyin-Lenovo kernel: e820: update [mem 0xaafde000-0xab059fff] usable ==> reserved
May 16 16:08:03 skyin-Lenovo kernel: TSC deadline timer available
May 16 16:08:03 skyin-Lenovo kernel: CPU topo: Max. logical packages:   1
May 16 16:08:03 skyin-Lenovo kernel: CPU topo: Max. logical dies:       1
May 16 16:08:03 skyin-Lenovo kernel: CPU topo: Max. dies per package:   1
May 16 16:08:03 skyin-Lenovo kernel: CPU topo: Max. threads per core:   2
May 16 16:08:03 skyin-Lenovo kernel: CPU topo: Num. cores per package:     2
May 16 16:08:03 skyin-Lenovo kernel: CPU topo: Num. threads per package:   4
May 16 16:08:03 skyin-Lenovo kernel: CPU topo: Allowing 4 present CPUs plus 0 hotplug CPUs
May 16 16:08:03 skyin-Lenovo kernel: PM: hibernation: Registered nosave memory: [mem 0x00000000-0x00000fff]
May 16 16:08:03 skyin-Lenovo kernel: PM: hibernation: Registered nosave memory: [mem 0x00058000-0x00058fff]
May 16 16:08:03 skyin-Lenovo kernel: PM: hibernation: Registered nosave memory: [mem 0x0009d000-0x000fffff]
May 16 16:08:03 skyin-Lenovo kernel: PM: hibernation: Registered nosave memory: [mem 0x40000000-0x403fffff]
May 16 16:08:03 skyin-Lenovo kernel: PM: hibernation: Registered nosave memory: [mem 0xa120c000-0xa120dfff]
May 16 16:08:03 skyin-Lenovo kernel: PM: hibernation: Registered nosave memory: [mem 0xaafde000-0xab059fff]
May 16 16:08:03 skyin-Lenovo kernel: PM: hibernation: Registered nosave memory: [mem 0xadedc000-0xafffefff]
May 16 16:08:03 skyin-Lenovo kernel: PM: hibernation: Registered nosave memory: [mem 0xb0000000-0xffffffff]
May 16 16:08:03 skyin-Lenovo kernel: [mem 0xbb800000-0xfe00ffff] available for PCI devices
May 16 16:08:03 skyin-Lenovo kernel: Booting paravirtualized kernel on bare hardware
May 16 16:08:03 skyin-Lenovo kernel: clocksource: refined-jiffies: mask: 0xffffffff max_cycles: 0xffffffff, max_idle_ns: 1910969940391419 ns
May 16 16:08:03 skyin-Lenovo kernel: setup_percpu: NR_CPUS:8192 nr_cpumask_bits:4 nr_cpu_ids:4 nr_node_ids:1
May 16 16:08:03 skyin-Lenovo kernel: percpu: Embedded 84 pages/cpu s221184 r8192 d114688 u524288
May 16 16:08:03 skyin-Lenovo kernel: pcpu-alloc: s221184 r8192 d114688 u524288 alloc=1*2097152
May 16 16:08:03 skyin-Lenovo kernel: pcpu-alloc: [0] 0 1 2 3 
May 16 16:08:03 skyin-Lenovo kernel: Kernel command line: BOOT_IMAGE=/boot/vmlinuz-6.17.0-20-generic root=UUID=1e8991aa-f189-4501-afc5-d6bf529d1d3c ro quiet splash vt.handoff=7
May 16 16:08:03 skyin-Lenovo kernel: Unknown kernel command line parameters "splash", will be passed to user space.
May 16 16:08:03 skyin-Lenovo kernel: random: crng init done
May 16 16:08:03 skyin-Lenovo kernel: printk: log buffer data + meta data: 262144 + 917504 = 1179648 bytes
May 16 16:08:03 skyin-Lenovo kernel: Dentry cache hash table entries: 1048576 (order: 11, 8388608 bytes, linear)
May 16 16:08:03 skyin-Lenovo kernel: Inode-cache hash table entries: 524288 (order: 10, 4194304 bytes, linear)
May 16 16:08:03 skyin-Lenovo kernel: software IO TLB: area num 4.
May 16 16:08:03 skyin-Lenovo kernel: Fallback order for Node 0: 0 
May 16 16:08:03 skyin-Lenovo kernel: Built 1 zonelists, mobility grouping on.  Total pages: 2036342
May 16 16:08:03 skyin-Lenovo kernel: Policy zone: Normal
May 16 16:08:03 skyin-Lenovo kernel: mem auto-init: stack:all(zero), heap alloc:on, heap free:off
May 16 16:08:03 skyin-Lenovo kernel: SLUB: HWalign=64, Order=0-3, MinObjects=0, CPUs=4, Nodes=1
May 16 16:08:03 skyin-Lenovo kernel: Kernel/User page tables isolation: enabled
May 16 16:08:03 skyin-Lenovo kernel: ftrace: allocating 61402 entries in 240 pages
May 16 16:08:03 skyin-Lenovo kernel: ftrace: allocated 240 pages with 4 groups
May 16 16:08:03 skyin-Lenovo kernel: Dynamic Preempt: voluntary
May 16 16:08:03 skyin-Lenovo kernel: rcu: Preemptible hierarchical RCU implementation.
May 16 16:08:03 skyin-Lenovo kernel: rcu:         RCU restricting CPUs from NR_CPUS=8192 to nr_cpu_ids=4.
May 16 16:08:03 skyin-Lenovo kernel:         Trampoline variant of Tasks RCU enabled.
May 16 16:08:03 skyin-Lenovo kernel:         Rude variant of Tasks RCU enabled.
May 16 16:08:03 skyin-Lenovo kernel:         Tracing variant of Tasks RCU enabled.
May 16 16:08:03 skyin-Lenovo kernel: rcu: RCU calculated value of scheduler-enlistment delay is 100 jiffies.
May 16 16:08:03 skyin-Lenovo kernel: rcu: Adjusting geometry for rcu_fanout_leaf=16, nr_cpu_ids=4
May 16 16:08:03 skyin-Lenovo kernel: RCU Tasks: Setting shift to 2 and lim to 1 rcu_task_cb_adjust=1 rcu_task_cpu_ids=4.
May 16 16:08:03 skyin-Lenovo kernel: RCU Tasks Rude: Setting shift to 2 and lim to 1 rcu_task_cb_adjust=1 rcu_task_cpu_ids=4.
May 16 16:08:03 skyin-Lenovo kernel: RCU Tasks Trace: Setting shift to 2 and lim to 1 rcu_task_cb_adjust=1 rcu_task_cpu_ids=4.
May 16 16:08:03 skyin-Lenovo kernel: NR_IRQS: 524544, nr_irqs: 1024, preallocated irqs: 16
May 16 16:08:03 skyin-Lenovo kernel: rcu: srcu_init: Setting srcu_struct sizes based on contention.
May 16 16:08:03 skyin-Lenovo kernel: Console: colour dummy device 80x25
May 16 16:08:03 skyin-Lenovo kernel: printk: legacy console [tty0] enabled
May 16 16:08:03 skyin-Lenovo kernel: ACPI: Core revision 20250404
May 16 16:08:03 skyin-Lenovo kernel: hpet: HPET dysfunctional in PC10. Force disabled.
May 16 16:08:03 skyin-Lenovo kernel: APIC: Switch to symmetric I/O mode setup
May 16 16:08:03 skyin-Lenovo kernel: DMAR: Host address width 39
May 16 16:08:03 skyin-Lenovo kernel: DMAR: DRHD base: 0x000000fed90000 flags: 0x0
May 16 16:08:03 skyin-Lenovo kernel: DMAR: dmar0: reg_base_addr fed90000 ver 1:0 cap 1c0000c40660462 ecap 7e3ff0505e
May 16 16:08:03 skyin-Lenovo kernel: DMAR: DRHD base: 0x000000fed91000 flags: 0x1
May 16 16:08:03 skyin-Lenovo kernel: DMAR: dmar1: reg_base_addr fed91000 ver 1:0 cap d2008c40660462 ecap f050da
May 16 16:08:03 skyin-Lenovo kernel: DMAR: RMRR base: 0x000000afd7a000 end: 0x000000afd99fff
May 16 16:08:03 skyin-Lenovo kernel: DMAR: RMRR base: 0x000000b9000000 end: 0x000000bb7fffff
May 16 16:08:03 skyin-Lenovo kernel: DMAR-IR: IOAPIC id 2 under DRHD base  0xfed91000 IOMMU 1
May 16 16:08:03 skyin-Lenovo kernel: DMAR-IR: HPET id 0 under DRHD base 0xfed91000
May 16 16:08:03 skyin-Lenovo kernel: DMAR-IR: Queued invalidation will be enabled to support x2apic and Intr-remapping.
May 16 16:08:03 skyin-Lenovo kernel: DMAR-IR: Enabled IRQ remapping in x2apic mode
May 16 16:08:03 skyin-Lenovo kernel: x2apic enabled
May 16 16:08:03 skyin-Lenovo kernel: APIC: Switched APIC routing to: cluster x2apic
May 16 16:08:03 skyin-Lenovo kernel: clocksource: tsc-early: mask: 0xffffffffffffffff max_cycles: 0x22983777dd9, max_idle_ns: 440795300422 ns
May 16 16:08:03 skyin-Lenovo kernel: Calibrating delay loop (skipped), value calculated using timer frequency.. 4800.00 BogoMIPS (lpj=2400000)
May 16 16:08:03 skyin-Lenovo kernel: CPU0: Thermal monitoring enabled (TM1)
May 16 16:08:03 skyin-Lenovo kernel: Last level iTLB entries: 4KB 64, 2MB 8, 4MB 8
May 16 16:08:03 skyin-Lenovo kernel: Last level dTLB entries: 4KB 64, 2MB 32, 4MB 32, 1GB 4
May 16 16:08:03 skyin-Lenovo kernel: process: using mwait in idle threads
May 16 16:08:03 skyin-Lenovo kernel: mitigations: Enabled attack vectors: user_kernel, user_user, guest_host, guest_guest, SMT mitigations: auto
May 16 16:08:03 skyin-Lenovo kernel: Speculative Store Bypass: Mitigation: Speculative Store Bypass disabled via prctl
May 16 16:08:03 skyin-Lenovo kernel: SRBDS: Mitigation: Microcode
May 16 16:08:03 skyin-Lenovo kernel: Spectre V2 : Mitigation: IBRS
May 16 16:08:03 skyin-Lenovo kernel: RETBleed: Mitigation: IBRS
May 16 16:08:03 skyin-Lenovo kernel: Spectre V2 : User space: Mitigation: STIBP via prctl
May 16 16:08:03 skyin-Lenovo kernel: MDS: Mitigation: Clear CPU buffers
May 16 16:08:03 skyin-Lenovo kernel: MMIO Stale Data: Mitigation: Clear CPU buffers
May 16 16:08:03 skyin-Lenovo kernel: VMSCAPE: Mitigation: IBPB before exit to userspace
May 16 16:08:03 skyin-Lenovo kernel: Spectre V1 : Mitigation: usercopy/swapgs barriers and __user pointer sanitization
May 16 16:08:03 skyin-Lenovo kernel: Spectre V2 : Spectre v2 / SpectreRSB: Filling RSB on context switch and VMEXIT
May 16 16:08:03 skyin-Lenovo kernel: Spectre V2 : mitigation: Enabling conditional Indirect Branch Prediction Barrier
May 16 16:08:03 skyin-Lenovo kernel: GDS: Vulnerable: No microcode
May 16 16:08:03 skyin-Lenovo kernel: x86/fpu: Supporting XSAVE feature 0x001: 'x87 floating point registers'
May 16 16:08:03 skyin-Lenovo kernel: x86/fpu: Supporting XSAVE feature 0x002: 'SSE registers'
May 16 16:08:03 skyin-Lenovo kernel: x86/fpu: Supporting XSAVE feature 0x004: 'AVX registers'
May 16 16:08:03 skyin-Lenovo kernel: x86/fpu: Supporting XSAVE feature 0x008: 'MPX bounds registers'
May 16 16:08:03 skyin-Lenovo kernel: x86/fpu: Supporting XSAVE feature 0x010: 'MPX CSR'
May 16 16:08:03 skyin-Lenovo kernel: x86/fpu: xstate_offset[2]:  576, xstate_sizes[2]:  256
May 16 16:08:03 skyin-Lenovo kernel: x86/fpu: xstate_offset[3]:  832, xstate_sizes[3]:   64
May 16 16:08:03 skyin-Lenovo kernel: x86/fpu: xstate_offset[4]:  896, xstate_sizes[4]:   64
May 16 16:08:03 skyin-Lenovo kernel: x86/fpu: Enabled xstate features 0x1f, context size is 960 bytes, using 'compacted' format.
May 16 16:08:03 skyin-Lenovo kernel: Freeing SMP alternatives memory: 52K
May 16 16:08:03 skyin-Lenovo kernel: pid_max: default: 32768 minimum: 301
May 16 16:08:03 skyin-Lenovo kernel: LSM: initializing lsm=lockdown,capability,landlock,yama,apparmor,ima,evm
May 16 16:08:03 skyin-Lenovo kernel: landlock: Up and running.
May 16 16:08:03 skyin-Lenovo kernel: Yama: becoming mindful.
May 16 16:08:03 skyin-Lenovo kernel: AppArmor: AppArmor initialized
May 16 16:08:03 skyin-Lenovo kernel: Mount-cache hash table entries: 16384 (order: 5, 131072 bytes, linear)
May 16 16:08:03 skyin-Lenovo kernel: Mountpoint-cache hash table entries: 16384 (order: 5, 131072 bytes, linear)
May 16 16:08:03 skyin-Lenovo kernel: smpboot: CPU0: Intel(R) Core(TM) i5-6200U CPU @ 2.30GHz (family: 0x6, model: 0x4e, stepping: 0x3)
May 16 16:08:03 skyin-Lenovo kernel: Performance Events: PEBS fmt3+, Skylake events, 32-deep LBR, full-width counters, Intel PMU driver.
May 16 16:08:03 skyin-Lenovo kernel: ... version:                4
May 16 16:08:03 skyin-Lenovo kernel: ... bit width:              48
May 16 16:08:03 skyin-Lenovo kernel: ... generic registers:      4
May 16 16:08:03 skyin-Lenovo kernel: ... value mask:             0000ffffffffffff
May 16 16:08:03 skyin-Lenovo kernel: ... max period:             00007fffffffffff
May 16 16:08:03 skyin-Lenovo kernel: ... fixed-purpose events:   3
May 16 16:08:03 skyin-Lenovo kernel: ... event mask:             000000070000000f
May 16 16:08:03 skyin-Lenovo kernel: signal: max sigframe size: 2032
May 16 16:08:03 skyin-Lenovo kernel: Estimated ratio of average max frequency by base frequency (times 1024): 1152
May 16 16:08:03 skyin-Lenovo kernel: rcu: Hierarchical SRCU implementation.
May 16 16:08:03 skyin-Lenovo kernel: rcu:         Max phase no-delay instances is 400.
May 16 16:08:03 skyin-Lenovo kernel: Timer migration: 1 hierarchy levels; 8 children per group; 1 crossnode level
May 16 16:08:03 skyin-Lenovo kernel: NMI watchdog: Enabled. Permanently consumes one hw-PMU counter.
May 16 16:08:03 skyin-Lenovo kernel: smp: Bringing up secondary CPUs ...
May 16 16:08:03 skyin-Lenovo kernel: smpboot: x86: Booting SMP configuration:
May 16 16:08:03 skyin-Lenovo kernel: .... node  #0, CPUs:      #1 #2 #3
May 16 16:08:03 skyin-Lenovo kernel: MDS CPU bug present and SMT on, data leak possible. See https://www.kernel.org/doc/html/latest/admin-guide/hw-vuln/mds.html for more details.
May 16 16:08:03 skyin-Lenovo kernel: MMIO Stale Data CPU bug present and SMT on, data leak possible. See https://www.kernel.org/doc/html/latest/admin-guide/hw-vuln/processor_mmio_stale_data.html for more details.
May 16 16:08:03 skyin-Lenovo kernel: VMSCAPE: SMT on, STIBP is required for full protection. See https://www.kernel.org/doc/html/latest/admin-guide/hw-vuln/vmscape.html for more details.
May 16 16:08:03 skyin-Lenovo kernel: smp: Brought up 1 node, 4 CPUs
May 16 16:08:03 skyin-Lenovo kernel: smpboot: Total of 4 processors activated (19200.00 BogoMIPS)
May 16 16:08:03 skyin-Lenovo kernel: Memory: 7792144K/8145368K available (22213K kernel code, 4650K rwdata, 16292K rodata, 5268K init, 4212K bss, 339904K reserved, 0K cma-reserved)
May 16 16:08:03 skyin-Lenovo kernel: devtmpfs: initialized
May 16 16:08:03 skyin-Lenovo kernel: x86/mm: Memory block size: 128MB
May 16 16:08:03 skyin-Lenovo kernel: ACPI: PM: Registering ACPI NVS region [mem 0xa120c000-0xa120cfff] (4096 bytes)
May 16 16:08:03 skyin-Lenovo kernel: ACPI: PM: Registering ACPI NVS region [mem 0xafde1000-0xaff5afff] (1548288 bytes)
May 16 16:08:03 skyin-Lenovo kernel: ACPI: PM: Registering ACPI NVS region [mem 0xaff5c000-0xaff99fff] (253952 bytes)
May 16 16:08:03 skyin-Lenovo kernel: clocksource: jiffies: mask: 0xffffffff max_cycles: 0xffffffff, max_idle_ns: 1911260446275000 ns
May 16 16:08:03 skyin-Lenovo kernel: posixtimers hash table entries: 2048 (order: 3, 32768 bytes, linear)
May 16 16:08:03 skyin-Lenovo kernel: futex hash table entries: 1024 (65536 bytes on 1 NUMA nodes, total 64 KiB, linear).
May 16 16:08:03 skyin-Lenovo kernel: pinctrl core: initialized pinctrl subsystem
May 16 16:08:03 skyin-Lenovo kernel: PM: RTC time: 08:08:00, date: 2026-05-16
May 16 16:08:03 skyin-Lenovo kernel: NET: Registered PF_NETLINK/PF_ROUTE protocol family
May 16 16:08:03 skyin-Lenovo kernel: DMA: preallocated 1024 KiB GFP_KERNEL pool for atomic allocations
May 16 16:08:03 skyin-Lenovo kernel: DMA: preallocated 1024 KiB GFP_KERNEL|GFP_DMA pool for atomic allocations
May 16 16:08:03 skyin-Lenovo kernel: DMA: preallocated 1024 KiB GFP_KERNEL|GFP_DMA32 pool for atomic allocations
May 16 16:08:03 skyin-Lenovo kernel: audit: initializing netlink subsys (disabled)
May 16 16:08:03 skyin-Lenovo kernel: audit: type=2000 audit(1778918880.011:1): state=initialized audit_enabled=0 res=1
May 16 16:08:03 skyin-Lenovo kernel: thermal_sys: Registered thermal governor 'fair_share'
May 16 16:08:03 skyin-Lenovo kernel: thermal_sys: Registered thermal governor 'bang_bang'
May 16 16:08:03 skyin-Lenovo kernel: thermal_sys: Registered thermal governor 'step_wise'
May 16 16:08:03 skyin-Lenovo kernel: thermal_sys: Registered thermal governor 'user_space'
May 16 16:08:03 skyin-Lenovo kernel: thermal_sys: Registered thermal governor 'power_allocator'
May 16 16:08:03 skyin-Lenovo kernel: cpuidle: using governor ladder
May 16 16:08:03 skyin-Lenovo kernel: cpuidle: using governor menu
May 16 16:08:03 skyin-Lenovo kernel: Simple Boot Flag at 0x47 set to 0x1
May 16 16:08:03 skyin-Lenovo kernel: acpiphp: ACPI Hot Plug PCI Controller Driver version: 0.5
May 16 16:08:03 skyin-Lenovo kernel: PCI: ECAM [mem 0xe0000000-0xefffffff] (base 0xe0000000) for domain 0000 [bus 00-ff]
May 16 16:08:03 skyin-Lenovo kernel: PCI: Using configuration type 1 for base access
May 16 16:08:03 skyin-Lenovo kernel: kprobes: kprobe jump-optimization is enabled. All kprobes are optimized if possible.
May 16 16:08:03 skyin-Lenovo kernel: HugeTLB: registered 1.00 GiB page size, pre-allocated 0 pages
May 16 16:08:03 skyin-Lenovo kernel: HugeTLB: 16380 KiB vmemmap can be freed for a 1.00 GiB page
May 16 16:08:03 skyin-Lenovo kernel: HugeTLB: registered 2.00 MiB page size, pre-allocated 0 pages
May 16 16:08:03 skyin-Lenovo kernel: HugeTLB: 28 KiB vmemmap can be freed for a 2.00 MiB page
May 16 16:08:03 skyin-Lenovo kernel: ACPI: Added _OSI(Module Device)
May 16 16:08:03 skyin-Lenovo kernel: ACPI: Added _OSI(Processor Device)
May 16 16:08:03 skyin-Lenovo kernel: ACPI: Added _OSI(Processor Aggregator Device)
May 16 16:08:03 skyin-Lenovo kernel: ACPI: 11 ACPI AML tables successfully acquired and loaded
May 16 16:08:03 skyin-Lenovo kernel: ACPI: EC: EC started
May 16 16:08:03 skyin-Lenovo kernel: ACPI: EC: interrupt blocked
May 16 16:08:03 skyin-Lenovo kernel: ACPI: EC: EC_CMD/EC_SC=0x66, EC_DATA=0x62
May 16 16:08:03 skyin-Lenovo kernel: ACPI: EC: Boot ECDT EC used to handle transactions
May 16 16:08:03 skyin-Lenovo kernel: ACPI: [Firmware Bug]: BIOS _OSI(Linux) query ignored
May 16 16:08:03 skyin-Lenovo kernel: ACPI: Dynamic OEM Table Load:
May 16 16:08:03 skyin-Lenovo kernel: ACPI: SSDT 0xFFFF8E7B0037DC00 0003FF (v02 PmRef  Cpu0Cst  00003001 INTL 20160527)
May 16 16:08:03 skyin-Lenovo kernel: ACPI: Dynamic OEM Table Load:
May 16 16:08:03 skyin-Lenovo kernel: ACPI: SSDT 0xFFFF8E7B01698800 000651 (v02 PmRef  Cpu0Ist  00003000 INTL 20160527)
May 16 16:08:03 skyin-Lenovo kernel: ACPI: Dynamic OEM Table Load:
May 16 16:08:03 skyin-Lenovo kernel: ACPI: SSDT 0xFFFF8E7B00F0A000 000D14 (v02 PmRef  ApIst    00003000 INTL 20160527)
May 16 16:08:03 skyin-Lenovo kernel: ACPI: Dynamic OEM Table Load:
May 16 16:08:03 skyin-Lenovo kernel: ACPI: SSDT 0xFFFF8E7B0037E400 000317 (v02 PmRef  ApHwp    00003000 INTL 20160527)
May 16 16:08:03 skyin-Lenovo kernel: ACPI: Dynamic OEM Table Load:
May 16 16:08:03 skyin-Lenovo kernel: ACPI: SSDT 0xFFFF8E7B0037E000 00030A (v02 PmRef  ApCst    00003000 INTL 20160527)
May 16 16:08:03 skyin-Lenovo kernel: ACPI: Interpreter enabled
May 16 16:08:03 skyin-Lenovo kernel: ACPI: PM: (supports S0 S3 S4 S5)
May 16 16:08:03 skyin-Lenovo kernel: ACPI: Using IOAPIC for interrupt routing
May 16 16:08:03 skyin-Lenovo kernel: PCI: Using host bridge windows from ACPI; if necessary, use "pci=nocrs" and report a bug
May 16 16:08:03 skyin-Lenovo kernel: PCI: Using E820 reservations for host bridge windows
May 16 16:08:03 skyin-Lenovo kernel: ACPI: Enabled 1 GPEs in block 00 to 7F
May 16 16:08:03 skyin-Lenovo kernel: ACPI: \_SB_.PCI0.RP05.PXSX.WRST: New power resource
May 16 16:08:03 skyin-Lenovo kernel: ACPI: PCI Root Bridge [PCI0] (domain 0000 [bus 00-fe])
May 16 16:08:03 skyin-Lenovo kernel: acpi PNP0A08:00: _OSC: OS supports [ExtendedConfig ASPM ClockPM Segments MSI EDR HPX-Type3]
May 16 16:08:03 skyin-Lenovo kernel: acpi PNP0A08:00: _OSC: OS now controls [PCIeHotplug SHPCHotplug PME AER PCIeCapability LTR DPC]
May 16 16:08:03 skyin-Lenovo kernel: PCI host bridge to bus 0000:00
May 16 16:08:03 skyin-Lenovo kernel: pci_bus 0000:00: root bus resource [io  0x0000-0x0cf7 window]
May 16 16:08:03 skyin-Lenovo kernel: pci_bus 0000:00: root bus resource [io  0x0d00-0xffff window]
May 16 16:08:03 skyin-Lenovo kernel: pci_bus 0000:00: root bus resource [mem 0x000a0000-0x000effff window]
May 16 16:08:03 skyin-Lenovo kernel: pci_bus 0000:00: root bus resource [mem 0xbb800000-0xdfffffff window]
May 16 16:08:03 skyin-Lenovo kernel: pci_bus 0000:00: root bus resource [mem 0xfd000000-0xfe7fffff window]
May 16 16:08:03 skyin-Lenovo kernel: pci_bus 0000:00: root bus resource [bus 00-fe]
May 16 16:08:03 skyin-Lenovo kernel: pci 0000:00:00.0: [8086:1904] type 00 class 0x060000 conventional PCI endpoint
May 16 16:08:03 skyin-Lenovo kernel: pci 0000:00:02.0: [8086:1916] type 00 class 0x030000 PCIe Root Complex Integrated Endpoint
May 16 16:08:03 skyin-Lenovo kernel: pci 0000:00:02.0: BAR 0 [mem 0xd0000000-0xd0ffffff 64bit]
May 16 16:08:03 skyin-Lenovo kernel: pci 0000:00:02.0: BAR 2 [mem 0xc0000000-0xcfffffff 64bit pref]
May 16 16:08:03 skyin-Lenovo kernel: pci 0000:00:02.0: BAR 4 [io  0xe000-0xe03f]
May 16 16:08:03 skyin-Lenovo kernel: pci 0000:00:02.0: DMAR: Disabling IOMMU for graphics on this chipset
May 16 16:08:03 skyin-Lenovo kernel: pci 0000:00:02.0: Video device with shadowed ROM at [mem 0x000c0000-0x000dffff]
May 16 16:08:03 skyin-Lenovo kernel: pci 0000:00:04.0: [8086:1903] type 00 class 0x118000 conventional PCI endpoint
May 16 16:08:03 skyin-Lenovo kernel: pci 0000:00:04.0: BAR 0 [mem 0xd13a0000-0xd13a7fff 64bit]
May 16 16:08:03 skyin-Lenovo kernel: pci 0000:00:14.0: [8086:9d2f] type 00 class 0x0c0330 conventional PCI endpoint
May 16 16:08:03 skyin-Lenovo kernel: pci 0000:00:14.0: BAR 0 [mem 0xd1380000-0xd138ffff 64bit]
May 16 16:08:03 skyin-Lenovo kernel: pci 0000:00:14.0: PME# supported from D3hot D3cold
May 16 16:08:03 skyin-Lenovo kernel: pci 0000:00:14.2: [8086:9d31] type 00 class 0x118000 conventional PCI endpoint
May 16 16:08:03 skyin-Lenovo kernel: pci 0000:00:14.2: BAR 0 [mem 0xd13b8000-0xd13b8fff 64bit]
May 16 16:08:03 skyin-Lenovo kernel: pci 0000:00:16.0: [8086:9d3a] type 00 class 0x078000 conventional PCI endpoint
May 16 16:08:03 skyin-Lenovo kernel: pci 0000:00:16.0: BAR 0 [mem 0xd13b9000-0xd13b9fff 64bit]
May 16 16:08:03 skyin-Lenovo kernel: pci 0000:00:16.0: PME# supported from D3hot
May 16 16:08:03 skyin-Lenovo kernel: pci 0000:00:17.0: [8086:282a] type 00 class 0x010400 conventional PCI endpoint
May 16 16:08:03 skyin-Lenovo kernel: pci 0000:00:17.0: BAR 0 [mem 0xd13a8000-0xd13affff]
May 16 16:08:03 skyin-Lenovo kernel: pci 0000:00:17.0: BAR 1 [mem 0xd13bd000-0xd13bd0ff]
May 16 16:08:03 skyin-Lenovo kernel: pci 0000:00:17.0: BAR 2 [io  0xe080-0xe087]
May 16 16:08:03 skyin-Lenovo kernel: pci 0000:00:17.0: BAR 3 [io  0xe088-0xe08b]
May 16 16:08:03 skyin-Lenovo kernel: pci 0000:00:17.0: BAR 4 [io  0xe060-0xe07f]
May 16 16:08:03 skyin-Lenovo kernel: pci 0000:00:17.0: BAR 5 [mem 0xd1300000-0xd137ffff]
May 16 16:08:03 skyin-Lenovo kernel: pci 0000:00:17.0: PME# supported from D3hot
May 16 16:08:03 skyin-Lenovo kernel: pci 0000:00:1c.0: [8086:9d12] type 01 class 0x060400 PCIe Root Port
May 16 16:08:03 skyin-Lenovo kernel: pci 0000:00:1c.0: PCI bridge to [bus 01]
May 16 16:08:03 skyin-Lenovo kernel: pci 0000:00:1c.0:   bridge window [mem 0xd1200000-0xd12fffff]
May 16 16:08:03 skyin-Lenovo kernel: pci 0000:00:1c.0: PME# supported from D0 D3hot D3cold
May 16 16:08:03 skyin-Lenovo kernel: pci 0000:00:1c.0: Intel SPT PCH root port ACS workaround enabled
May 16 16:08:03 skyin-Lenovo kernel: pci 0000:00:1c.3: [8086:9d13] type 01 class 0x060400 PCIe Root Port
May 16 16:08:03 skyin-Lenovo kernel: pci 0000:00:1c.3: PCI bridge to [bus 02]
May 16 16:08:03 skyin-Lenovo kernel: pci 0000:00:1c.3:   bridge window [io  0xd000-0xdfff]
May 16 16:08:03 skyin-Lenovo kernel: pci 0000:00:1c.3:   bridge window [mem 0xd1100000-0xd11fffff]
May 16 16:08:03 skyin-Lenovo kernel: pci 0000:00:1c.3: PME# supported from D0 D3hot D3cold
May 16 16:08:03 skyin-Lenovo kernel: pci 0000:00:1c.3: Intel SPT PCH root port ACS workaround enabled
May 16 16:08:03 skyin-Lenovo kernel: pci 0000:00:1c.4: [8086:9d14] type 01 class 0x060400 PCIe Root Port
May 16 16:08:03 skyin-Lenovo kernel: pci 0000:00:1c.4: PCI bridge to [bus 03]
May 16 16:08:03 skyin-Lenovo kernel: pci 0000:00:1c.4:   bridge window [mem 0xd1000000-0xd10fffff]
May 16 16:08:03 skyin-Lenovo kernel: pci 0000:00:1c.4: PME# supported from D0 D3hot D3cold
May 16 16:08:03 skyin-Lenovo kernel: pci 0000:00:1c.4: Intel SPT PCH root port ACS workaround enabled
May 16 16:08:03 skyin-Lenovo kernel: pci 0000:00:1f.0: [8086:9d48] type 00 class 0x060100 conventional PCI endpoint
May 16 16:08:03 skyin-Lenovo kernel: pci 0000:00:1f.2: [8086:9d21] type 00 class 0x058000 conventional PCI endpoint
May 16 16:08:03 skyin-Lenovo kernel: pci 0000:00:1f.2: BAR 0 [mem 0xd13b4000-0xd13b7fff]
May 16 16:08:03 skyin-Lenovo kernel: pci 0000:00:1f.3: [8086:9d70] type 00 class 0x040300 conventional PCI endpoint
May 16 16:08:03 skyin-Lenovo kernel: pci 0000:00:1f.3: BAR 0 [mem 0xd13b0000-0xd13b3fff 64bit]
May 16 16:08:03 skyin-Lenovo kernel: pci 0000:00:1f.3: BAR 4 [mem 0xd1390000-0xd139ffff 64bit]
May 16 16:08:03 skyin-Lenovo kernel: pci 0000:00:1f.3: PME# supported from D3hot D3cold
May 16 16:08:03 skyin-Lenovo kernel: pci 0000:00:1f.4: [8086:9d23] type 00 class 0x0c0500 conventional PCI endpoint
May 16 16:08:03 skyin-Lenovo kernel: pci 0000:00:1f.4: BAR 0 [mem 0xd13bc000-0xd13bc0ff 64bit]
May 16 16:08:03 skyin-Lenovo kernel: pci 0000:00:1f.4: BAR 4 [io  0xefa0-0xefbf]
May 16 16:08:03 skyin-Lenovo kernel: pci 0000:01:00.0: [10ec:5229] type 00 class 0xff0000 PCIe Endpoint
May 16 16:08:03 skyin-Lenovo kernel: pci 0000:01:00.0: BAR 0 [mem 0xd1200000-0xd1200fff]
May 16 16:08:03 skyin-Lenovo kernel: pci 0000:01:00.0: supports D1 D2
May 16 16:08:03 skyin-Lenovo kernel: pci 0000:01:00.0: PME# supported from D1 D2 D3hot
May 16 16:08:03 skyin-Lenovo kernel: pci 0000:00:1c.0: PCI bridge to [bus 01]
May 16 16:08:03 skyin-Lenovo kernel: pci 0000:02:00.0: [10ec:8168] type 00 class 0x020000 PCIe Endpoint
May 16 16:08:03 skyin-Lenovo kernel: pci 0000:02:00.0: BAR 0 [io  0xd000-0xd0ff]
May 16 16:08:03 skyin-Lenovo kernel: pci 0000:02:00.0: BAR 2 [mem 0xd1104000-0xd1104fff 64bit]
May 16 16:08:03 skyin-Lenovo kernel: pci 0000:02:00.0: BAR 4 [mem 0xd1100000-0xd1103fff 64bit]
May 16 16:08:03 skyin-Lenovo kernel: pci 0000:02:00.0: supports D1 D2
May 16 16:08:03 skyin-Lenovo kernel: pci 0000:02:00.0: PME# supported from D0 D1 D2 D3hot D3cold
May 16 16:08:03 skyin-Lenovo kernel: pci 0000:00:1c.3: PCI bridge to [bus 02]
May 16 16:08:03 skyin-Lenovo kernel: pci 0000:03:00.0: [8086:24f3] type 00 class 0x028000 PCIe Endpoint
May 16 16:08:03 skyin-Lenovo kernel: pci 0000:03:00.0: BAR 0 [mem 0xd1000000-0xd1001fff 64bit]
May 16 16:08:03 skyin-Lenovo kernel: pci 0000:03:00.0: PME# supported from D0 D3hot D3cold
May 16 16:08:03 skyin-Lenovo kernel: pci 0000:00:1c.4: PCI bridge to [bus 03]
May 16 16:08:03 skyin-Lenovo kernel: ACPI: PCI: Interrupt link LNKA configured for IRQ 11
May 16 16:08:03 skyin-Lenovo kernel: ACPI: PCI: Interrupt link LNKB configured for IRQ 10
May 16 16:08:03 skyin-Lenovo kernel: ACPI: PCI: Interrupt link LNKC configured for IRQ 11
May 16 16:08:03 skyin-Lenovo kernel: ACPI: PCI: Interrupt link LNKD configured for IRQ 11
May 16 16:08:03 skyin-Lenovo kernel: ACPI: PCI: Interrupt link LNKE configured for IRQ 11
May 16 16:08:03 skyin-Lenovo kernel: ACPI: PCI: Interrupt link LNKF configured for IRQ 11
May 16 16:08:03 skyin-Lenovo kernel: ACPI: PCI: Interrupt link LNKG configured for IRQ 11
May 16 16:08:03 skyin-Lenovo kernel: ACPI: PCI: Interrupt link LNKH configured for IRQ 11
May 16 16:08:03 skyin-Lenovo kernel: ACPI: EC: interrupt unblocked
May 16 16:08:03 skyin-Lenovo kernel: ACPI: EC: event unblocked
May 16 16:08:03 skyin-Lenovo kernel: ACPI: EC: EC_CMD/EC_SC=0x66, EC_DATA=0x62
May 16 16:08:03 skyin-Lenovo kernel: ACPI: EC: GPE=0x4f
May 16 16:08:03 skyin-Lenovo kernel: ACPI: \_SB_.PCI0.LPCB.EC0_: Boot ECDT EC initialization complete
May 16 16:08:03 skyin-Lenovo kernel: ACPI: \_SB_.PCI0.LPCB.EC0_: EC: Used to handle transactions and events
May 16 16:08:03 skyin-Lenovo kernel: iommu: Default domain type: Translated
May 16 16:08:03 skyin-Lenovo kernel: iommu: DMA domain TLB invalidation policy: lazy mode
May 16 16:08:03 skyin-Lenovo kernel: SCSI subsystem initialized
May 16 16:08:03 skyin-Lenovo kernel: libata version 3.00 loaded.
May 16 16:08:03 skyin-Lenovo kernel: ACPI: bus type USB registered
May 16 16:08:03 skyin-Lenovo kernel: usbcore: registered new interface driver usbfs
May 16 16:08:03 skyin-Lenovo kernel: usbcore: registered new interface driver hub
May 16 16:08:03 skyin-Lenovo kernel: usbcore: registered new device driver usb
May 16 16:08:03 skyin-Lenovo kernel: pps_core: LinuxPPS API ver. 1 registered
May 16 16:08:03 skyin-Lenovo kernel: pps_core: Software ver. 5.3.6 - Copyright 2005-2007 Rodolfo Giometti <giometti@linux.it>
May 16 16:08:03 skyin-Lenovo kernel: PTP clock support registered
May 16 16:08:03 skyin-Lenovo kernel: EDAC MC: Ver: 3.0.0
May 16 16:08:03 skyin-Lenovo kernel: efivars: Registered efivars operations
May 16 16:08:03 skyin-Lenovo kernel: NetLabel: Initializing
May 16 16:08:03 skyin-Lenovo kernel: NetLabel:  domain hash size = 128
May 16 16:08:03 skyin-Lenovo kernel: NetLabel:  protocols = UNLABELED CIPSOv4 CALIPSO
May 16 16:08:03 skyin-Lenovo kernel: NetLabel:  unlabeled traffic allowed by default
May 16 16:08:03 skyin-Lenovo kernel: mctp: management component transport protocol core
May 16 16:08:03 skyin-Lenovo kernel: NET: Registered PF_MCTP protocol family
May 16 16:08:03 skyin-Lenovo kernel: PCI: Using ACPI for IRQ routing
May 16 16:08:03 skyin-Lenovo kernel: PCI: pci_cache_line_size set to 64 bytes
May 16 16:08:03 skyin-Lenovo kernel: e820: reserve RAM buffer [mem 0x00058000-0x0005ffff]
May 16 16:08:03 skyin-Lenovo kernel: e820: reserve RAM buffer [mem 0x0009d000-0x0009ffff]
May 16 16:08:03 skyin-Lenovo kernel: e820: reserve RAM buffer [mem 0xa120c000-0xa3ffffff]
May 16 16:08:03 skyin-Lenovo kernel: e820: reserve RAM buffer [mem 0xaafde000-0xabffffff]
May 16 16:08:03 skyin-Lenovo kernel: e820: reserve RAM buffer [mem 0xadedc000-0xafffffff]
May 16 16:08:03 skyin-Lenovo kernel: e820: reserve RAM buffer [mem 0x243800000-0x243ffffff]
May 16 16:08:03 skyin-Lenovo kernel: pci 0000:00:02.0: vgaarb: setting as boot VGA device
May 16 16:08:03 skyin-Lenovo kernel: pci 0000:00:02.0: vgaarb: bridge control possible
May 16 16:08:03 skyin-Lenovo kernel: pci 0000:00:02.0: vgaarb: VGA device added: decodes=io+mem,owns=io+mem,locks=none
May 16 16:08:03 skyin-Lenovo kernel: vgaarb: loaded
May 16 16:08:03 skyin-Lenovo kernel: clocksource: Switched to clocksource tsc-early
May 16 16:08:03 skyin-Lenovo kernel: VFS: Disk quotas dquot_6.6.0
May 16 16:08:03 skyin-Lenovo kernel: VFS: Dquot-cache hash table entries: 512 (order 0, 4096 bytes)
May 16 16:08:03 skyin-Lenovo kernel: AppArmor: AppArmor Filesystem Enabled
May 16 16:08:03 skyin-Lenovo kernel: pnp: PnP ACPI init
May 16 16:08:03 skyin-Lenovo kernel: system 00:00: [mem 0x40000000-0x403fffff] has been reserved
May 16 16:08:03 skyin-Lenovo kernel: system 00:01: [mem 0xfd000000-0xfdabffff] has been reserved
May 16 16:08:03 skyin-Lenovo kernel: system 00:01: [mem 0xfdad0000-0xfdadffff] has been reserved
May 16 16:08:03 skyin-Lenovo kernel: system 00:01: [mem 0xfdb00000-0xfdffffff] has been reserved
May 16 16:08:03 skyin-Lenovo kernel: system 00:01: [mem 0xfe000000-0xfe01ffff] could not be reserved
May 16 16:08:03 skyin-Lenovo kernel: system 00:01: [mem 0xfe036000-0xfe03bfff] has been reserved
May 16 16:08:03 skyin-Lenovo kernel: system 00:01: [mem 0xfe03d000-0xfe3fffff] has been reserved
May 16 16:08:03 skyin-Lenovo kernel: system 00:01: [mem 0xfe410000-0xfe7fffff] has been reserved
May 16 16:08:03 skyin-Lenovo kernel: system 00:02: [io  0xff00-0xfffe] has been reserved
May 16 16:08:03 skyin-Lenovo kernel: system 00:03: [io  0xffff] has been reserved
May 16 16:08:03 skyin-Lenovo kernel: system 00:03: [io  0xffff] has been reserved
May 16 16:08:03 skyin-Lenovo kernel: system 00:03: [io  0xffff] has been reserved
May 16 16:08:03 skyin-Lenovo kernel: system 00:03: [io  0x1800-0x18fe] could not be reserved
May 16 16:08:03 skyin-Lenovo kernel: system 00:03: [mem 0xfe800000-0xfe80ffff] has been reserved
May 16 16:08:03 skyin-Lenovo kernel: system 00:07: [mem 0xfe029000-0xfe029fff] has been reserved
May 16 16:08:03 skyin-Lenovo kernel: system 00:07: [mem 0xfe028000-0xfe028fff] has been reserved
May 16 16:08:03 skyin-Lenovo kernel: system 00:08: [mem 0xfed10000-0xfed17fff] has been reserved
May 16 16:08:03 skyin-Lenovo kernel: system 00:08: [mem 0xfed18000-0xfed18fff] has been reserved
May 16 16:08:03 skyin-Lenovo kernel: system 00:08: [mem 0xfed19000-0xfed19fff] has been reserved
May 16 16:08:03 skyin-Lenovo kernel: system 00:08: [mem 0xe0000000-0xefffffff] has been reserved
May 16 16:08:03 skyin-Lenovo kernel: system 00:08: [mem 0xfed20000-0xfed3ffff] has been reserved
May 16 16:08:03 skyin-Lenovo kernel: system 00:08: [mem 0xfed90000-0xfed93fff] could not be reserved
May 16 16:08:03 skyin-Lenovo kernel: system 00:08: [mem 0xfed45000-0xfed8ffff] has been reserved
May 16 16:08:03 skyin-Lenovo kernel: system 00:08: [mem 0xff000000-0xffffffff] has been reserved
May 16 16:08:03 skyin-Lenovo kernel: system 00:08: [mem 0xfee00000-0xfeefffff] has been reserved
May 16 16:08:03 skyin-Lenovo kernel: system 00:08: [mem 0xdffe0000-0xdfffffff] has been reserved
May 16 16:08:03 skyin-Lenovo kernel: pnp: PnP ACPI: found 9 devices
May 16 16:08:03 skyin-Lenovo kernel: clocksource: acpi_pm: mask: 0xffffff max_cycles: 0xffffff, max_idle_ns: 2085701024 ns
May 16 16:08:03 skyin-Lenovo kernel: NET: Registered PF_INET protocol family
May 16 16:08:03 skyin-Lenovo kernel: IP idents hash table entries: 131072 (order: 8, 1048576 bytes, linear)
May 16 16:08:03 skyin-Lenovo kernel: tcp_listen_portaddr_hash hash table entries: 4096 (order: 4, 65536 bytes, linear)
May 16 16:08:03 skyin-Lenovo kernel: Table-perturb hash table entries: 65536 (order: 6, 262144 bytes, linear)
May 16 16:08:03 skyin-Lenovo kernel: TCP established hash table entries: 65536 (order: 7, 524288 bytes, linear)
May 16 16:08:03 skyin-Lenovo kernel: TCP bind hash table entries: 65536 (order: 9, 2097152 bytes, linear)
May 16 16:08:03 skyin-Lenovo kernel: TCP: Hash tables configured (established 65536 bind 65536)
May 16 16:08:03 skyin-Lenovo kernel: MPTCP token hash table entries: 8192 (order: 6, 196608 bytes, linear)
May 16 16:08:03 skyin-Lenovo kernel: UDP hash table entries: 4096 (order: 6, 262144 bytes, linear)
May 16 16:08:03 skyin-Lenovo kernel: UDP-Lite hash table entries: 4096 (order: 6, 262144 bytes, linear)
May 16 16:08:03 skyin-Lenovo kernel: NET: Registered PF_UNIX/PF_LOCAL protocol family
May 16 16:08:03 skyin-Lenovo kernel: NET: Registered PF_XDP protocol family
May 16 16:08:03 skyin-Lenovo kernel: pci 0000:00:1c.0: PCI bridge to [bus 01]
May 16 16:08:03 skyin-Lenovo kernel: pci 0000:00:1c.0:   bridge window [mem 0xd1200000-0xd12fffff]
May 16 16:08:03 skyin-Lenovo kernel: pci 0000:00:1c.3: PCI bridge to [bus 02]
May 16 16:08:03 skyin-Lenovo kernel: pci 0000:00:1c.3:   bridge window [io  0xd000-0xdfff]
May 16 16:08:03 skyin-Lenovo kernel: pci 0000:00:1c.3:   bridge window [mem 0xd1100000-0xd11fffff]
May 16 16:08:03 skyin-Lenovo kernel: pci 0000:00:1c.4: PCI bridge to [bus 03]
May 16 16:08:03 skyin-Lenovo kernel: pci 0000:00:1c.4:   bridge window [mem 0xd1000000-0xd10fffff]
May 16 16:08:03 skyin-Lenovo kernel: pci_bus 0000:00: resource 4 [io  0x0000-0x0cf7 window]
May 16 16:08:03 skyin-Lenovo kernel: pci_bus 0000:00: resource 5 [io  0x0d00-0xffff window]
May 16 16:08:03 skyin-Lenovo kernel: pci_bus 0000:00: resource 6 [mem 0x000a0000-0x000effff window]
May 16 16:08:03 skyin-Lenovo kernel: pci_bus 0000:00: resource 7 [mem 0xbb800000-0xdfffffff window]
May 16 16:08:03 skyin-Lenovo kernel: pci_bus 0000:00: resource 8 [mem 0xfd000000-0xfe7fffff window]
May 16 16:08:03 skyin-Lenovo kernel: pci_bus 0000:01: resource 1 [mem 0xd1200000-0xd12fffff]
May 16 16:08:03 skyin-Lenovo kernel: pci_bus 0000:02: resource 0 [io  0xd000-0xdfff]
May 16 16:08:03 skyin-Lenovo kernel: pci_bus 0000:02: resource 1 [mem 0xd1100000-0xd11fffff]
May 16 16:08:03 skyin-Lenovo kernel: pci_bus 0000:03: resource 1 [mem 0xd1000000-0xd10fffff]
May 16 16:08:03 skyin-Lenovo kernel: PCI: CLS 0 bytes, default 64
May 16 16:08:03 skyin-Lenovo kernel: pci 0000:00:1f.1: [8086:9d20] type 00 class 0x058000 conventional PCI endpoint
May 16 16:08:03 skyin-Lenovo kernel: pci 0000:00:1f.1: BAR 0 [mem 0xfd000000-0xfdffffff 64bit]
May 16 16:08:03 skyin-Lenovo kernel: DMAR: No ATSR found
May 16 16:08:03 skyin-Lenovo kernel: DMAR: No SATC found
May 16 16:08:03 skyin-Lenovo kernel: DMAR: dmar1: Using Queued invalidation
May 16 16:08:03 skyin-Lenovo kernel: Trying to unpack rootfs image as initramfs...
May 16 16:08:03 skyin-Lenovo kernel: pci 0000:00:00.0: Adding to iommu group 0
May 16 16:08:03 skyin-Lenovo kernel: pci 0000:00:04.0: Adding to iommu group 1
May 16 16:08:03 skyin-Lenovo kernel: pci 0000:00:14.0: Adding to iommu group 2
May 16 16:08:03 skyin-Lenovo kernel: pci 0000:00:14.2: Adding to iommu group 2
May 16 16:08:03 skyin-Lenovo kernel: pci 0000:00:16.0: Adding to iommu group 3
May 16 16:08:03 skyin-Lenovo kernel: pci 0000:00:17.0: Adding to iommu group 4
May 16 16:08:03 skyin-Lenovo kernel: pci 0000:00:1c.0: Adding to iommu group 5
May 16 16:08:03 skyin-Lenovo kernel: pci 0000:00:1c.3: Adding to iommu group 6
May 16 16:08:03 skyin-Lenovo kernel: pci 0000:00:1c.4: Adding to iommu group 7
May 16 16:08:03 skyin-Lenovo kernel: pci 0000:00:1f.0: Adding to iommu group 8
May 16 16:08:03 skyin-Lenovo kernel: pci 0000:00:1f.2: Adding to iommu group 8
May 16 16:08:03 skyin-Lenovo kernel: pci 0000:00:1f.3: Adding to iommu group 8
May 16 16:08:03 skyin-Lenovo kernel: pci 0000:00:1f.4: Adding to iommu group 8
May 16 16:08:03 skyin-Lenovo kernel: pci 0000:01:00.0: Adding to iommu group 9
May 16 16:08:03 skyin-Lenovo kernel: pci 0000:02:00.0: Adding to iommu group 10
May 16 16:08:03 skyin-Lenovo kernel: pci 0000:03:00.0: Adding to iommu group 11
May 16 16:08:03 skyin-Lenovo kernel: DMAR: Intel(R) Virtualization Technology for Directed I/O
May 16 16:08:03 skyin-Lenovo kernel: PCI-DMA: Using software bounce buffering for IO (SWIOTLB)
May 16 16:08:03 skyin-Lenovo kernel: software IO TLB: mapped [mem 0x00000000a6dea000-0x00000000aadea000] (64MB)
May 16 16:08:03 skyin-Lenovo kernel: sgx: EPC section 0xb0200000-0xb5f7ffff
May 16 16:08:03 skyin-Lenovo kernel: sgx: SGX disabled: SGX launch control CPU feature is not available, /dev/sgx_enclave disabled.
May 16 16:08:03 skyin-Lenovo kernel: Initialise system trusted keyrings
May 16 16:08:03 skyin-Lenovo kernel: Key type blacklist registered
May 16 16:08:03 skyin-Lenovo kernel: workingset: timestamp_bits=36 max_order=21 bucket_order=0
May 16 16:08:03 skyin-Lenovo kernel: squashfs: version 4.0 (2009/01/31) Phillip Lougher
May 16 16:08:03 skyin-Lenovo kernel: fuse: init (API version 7.44)
May 16 16:08:03 skyin-Lenovo kernel: integrity: Platform Keyring initialized
May 16 16:08:03 skyin-Lenovo kernel: integrity: Machine keyring initialized
May 16 16:08:03 skyin-Lenovo kernel: Key type asymmetric registered
May 16 16:08:03 skyin-Lenovo kernel: Asymmetric key parser 'x509' registered
May 16 16:08:03 skyin-Lenovo kernel: Block layer SCSI generic (bsg) driver version 0.4 loaded (major 242)
May 16 16:08:03 skyin-Lenovo kernel: io scheduler mq-deadline registered
May 16 16:08:03 skyin-Lenovo kernel: ledtrig-cpu: registered to indicate activity on CPUs
May 16 16:08:03 skyin-Lenovo kernel: pcieport 0000:00:1c.0: PME: Signaling with IRQ 121
May 16 16:08:03 skyin-Lenovo kernel: pcieport 0000:00:1c.0: AER: enabled with IRQ 121
May 16 16:08:03 skyin-Lenovo kernel: pcieport 0000:00:1c.3: PME: Signaling with IRQ 122
May 16 16:08:03 skyin-Lenovo kernel: pcieport 0000:00:1c.3: AER: enabled with IRQ 122
May 16 16:08:03 skyin-Lenovo kernel: pcieport 0000:00:1c.4: PME: Signaling with IRQ 123
May 16 16:08:03 skyin-Lenovo kernel: pcieport 0000:00:1c.4: AER: enabled with IRQ 123
May 16 16:08:03 skyin-Lenovo kernel: ACPI: AC: AC Adapter [ADP1] (off-line)
May 16 16:08:03 skyin-Lenovo kernel: input: Lid Switch as /devices/LNXSYSTM:00/LNXSYBUS:00/PNP0C0D:00/input/input0
May 16 16:08:03 skyin-Lenovo kernel: ACPI: button: Lid Switch [LID0]
May 16 16:08:03 skyin-Lenovo kernel: input: Sleep Button as /devices/LNXSYSTM:00/LNXSYBUS:00/PNP0C0E:00/input/input1
May 16 16:08:03 skyin-Lenovo kernel: ACPI: button: Sleep Button [SLPB]
May 16 16:08:03 skyin-Lenovo kernel: input: Power Button as /devices/LNXSYSTM:00/LNXPWRBN:00/input/input2
May 16 16:08:03 skyin-Lenovo kernel: ACPI: button: Power Button [PWRF]
May 16 16:08:03 skyin-Lenovo kernel: thermal LNXTHERM:00: registered as thermal_zone0
May 16 16:08:03 skyin-Lenovo kernel: ACPI: thermal: Thermal Zone [TZS0] (37 C)
May 16 16:08:03 skyin-Lenovo kernel: thermal LNXTHERM:01: registered as thermal_zone1
May 16 16:08:03 skyin-Lenovo kernel: ACPI: thermal: Thermal Zone [TZS1] (29 C)
May 16 16:08:03 skyin-Lenovo kernel: Serial: 8250/16550 driver, 32 ports, IRQ sharing enabled
May 16 16:08:03 skyin-Lenovo kernel: ACPI: battery: Slot [BAT0] (battery present)
May 16 16:08:03 skyin-Lenovo kernel: hpet_acpi_add: no address or irqs in _CRS
May 16 16:08:03 skyin-Lenovo kernel: Linux agpgart interface v0.103
May 16 16:08:03 skyin-Lenovo kernel: loop: module loaded
May 16 16:08:03 skyin-Lenovo kernel: ACPI: bus type drm_connector registered
May 16 16:08:03 skyin-Lenovo kernel: tun: Universal TUN/TAP device driver, 1.6
May 16 16:08:03 skyin-Lenovo kernel: PPP generic driver version 2.4.2
May 16 16:08:03 skyin-Lenovo kernel: xhci_hcd 0000:00:14.0: xHCI Host Controller
May 16 16:08:03 skyin-Lenovo kernel: xhci_hcd 0000:00:14.0: new USB bus registered, assigned bus number 1
May 16 16:08:03 skyin-Lenovo kernel: xhci_hcd 0000:00:14.0: hcc params 0x200077c1 hci version 0x100 quirks 0x0000000081109810
May 16 16:08:03 skyin-Lenovo kernel: xhci_hcd 0000:00:14.0: xHCI Host Controller
May 16 16:08:03 skyin-Lenovo kernel: xhci_hcd 0000:00:14.0: new USB bus registered, assigned bus number 2
May 16 16:08:03 skyin-Lenovo kernel: xhci_hcd 0000:00:14.0: Host supports USB 3.0 SuperSpeed
May 16 16:08:03 skyin-Lenovo kernel: usb usb1: New USB device found, idVendor=1d6b, idProduct=0002, bcdDevice= 6.17
May 16 16:08:03 skyin-Lenovo kernel: usb usb1: New USB device strings: Mfr=3, Product=2, SerialNumber=1
May 16 16:08:03 skyin-Lenovo kernel: usb usb1: Product: xHCI Host Controller
May 16 16:08:03 skyin-Lenovo kernel: usb usb1: Manufacturer: Linux 6.17.0-20-generic xhci-hcd
May 16 16:08:03 skyin-Lenovo kernel: usb usb1: SerialNumber: 0000:00:14.0
May 16 16:08:03 skyin-Lenovo kernel: hub 1-0:1.0: USB hub found
May 16 16:08:03 skyin-Lenovo kernel: hub 1-0:1.0: 12 ports detected
May 16 16:08:03 skyin-Lenovo kernel: usb usb2: New USB device found, idVendor=1d6b, idProduct=0003, bcdDevice= 6.17
May 16 16:08:03 skyin-Lenovo kernel: usb usb2: New USB device strings: Mfr=3, Product=2, SerialNumber=1
May 16 16:08:03 skyin-Lenovo kernel: usb usb2: Product: xHCI Host Controller
May 16 16:08:03 skyin-Lenovo kernel: usb usb2: Manufacturer: Linux 6.17.0-20-generic xhci-hcd
May 16 16:08:03 skyin-Lenovo kernel: usb usb2: SerialNumber: 0000:00:14.0
May 16 16:08:03 skyin-Lenovo kernel: hub 2-0:1.0: USB hub found
May 16 16:08:03 skyin-Lenovo kernel: hub 2-0:1.0: 6 ports detected
May 16 16:08:03 skyin-Lenovo kernel: usb: port power management may be unreliable
May 16 16:08:03 skyin-Lenovo kernel: i8042: PNP: PS/2 Controller [PNP0303:KBD0,PNP0f13:PS2M] at 0x60,0x64 irq 1,12
May 16 16:08:03 skyin-Lenovo kernel: serio: i8042 KBD port at 0x60,0x64 irq 1
May 16 16:08:03 skyin-Lenovo kernel: serio: i8042 AUX port at 0x60,0x64 irq 12
May 16 16:08:03 skyin-Lenovo kernel: mousedev: PS/2 mouse device common for all mice
May 16 16:08:03 skyin-Lenovo kernel: rtc_cmos 00:04: RTC can wake from S4
May 16 16:08:03 skyin-Lenovo kernel: rtc_cmos 00:04: registered as rtc0
May 16 16:08:03 skyin-Lenovo kernel: rtc_cmos 00:04: setting system clock to 2026-05-16T08:08:01 UTC (1778918881)
May 16 16:08:03 skyin-Lenovo kernel: rtc_cmos 00:04: alarms up to one month, y3k, 242 bytes nvram
May 16 16:08:03 skyin-Lenovo kernel: i2c_dev: i2c /dev entries driver
May 16 16:08:03 skyin-Lenovo kernel: device-mapper: core: CONFIG_IMA_DISABLE_HTABLE is disabled. Duplicate IMA measurements will not be recorded in the IMA log.
May 16 16:08:03 skyin-Lenovo kernel: device-mapper: uevent: version 1.0.3
May 16 16:08:03 skyin-Lenovo kernel: device-mapper: ioctl: 4.50.0-ioctl (2025-04-28) initialised: dm-devel@lists.linux.dev
May 16 16:08:03 skyin-Lenovo kernel: intel_pstate: Intel P-state driver initializing
May 16 16:08:03 skyin-Lenovo kernel: intel_pstate: HWP enabled
May 16 16:08:03 skyin-Lenovo kernel: simple-framebuffer simple-framebuffer.0: [drm] Registered 1 planes with drm panic
May 16 16:08:03 skyin-Lenovo kernel: [drm] Initialized simpledrm 1.0.0 for simple-framebuffer.0 on minor 0
May 16 16:08:03 skyin-Lenovo kernel: fbcon: Deferring console take-over
May 16 16:08:03 skyin-Lenovo kernel: simple-framebuffer simple-framebuffer.0: [drm] fb0: simpledrmdrmfb frame buffer device
May 16 16:08:03 skyin-Lenovo kernel: drop_monitor: Initializing network drop monitor service
May 16 16:08:03 skyin-Lenovo kernel: NET: Registered PF_INET6 protocol family
May 16 16:08:03 skyin-Lenovo kernel: Segment Routing with IPv6
May 16 16:08:03 skyin-Lenovo kernel: In-situ OAM (IOAM) with IPv6
May 16 16:08:03 skyin-Lenovo kernel: NET: Registered PF_PACKET protocol family
May 16 16:08:03 skyin-Lenovo kernel: Key type dns_resolver registered
May 16 16:08:03 skyin-Lenovo kernel: ENERGY_PERF_BIAS: Set to 'normal', was 'performance'
May 16 16:08:03 skyin-Lenovo kernel: microcode: Current revision: 0x000000f0
May 16 16:08:03 skyin-Lenovo kernel: microcode: Updated early from: 0x000000dc
May 16 16:08:03 skyin-Lenovo kernel: IPI shorthand broadcast: enabled
May 16 16:08:03 skyin-Lenovo kernel: sched_clock: Marking stable (455001899, 6259865)->(531974948, -70713184)
May 16 16:08:03 skyin-Lenovo kernel: registered taskstats version 1
May 16 16:08:03 skyin-Lenovo kernel: Loading compiled-in X.509 certificates
May 16 16:08:03 skyin-Lenovo kernel: Loaded X.509 cert 'Build time autogenerated kernel key: ccf7e221a97be21fd745ec718ad66dd71877660c'
May 16 16:08:03 skyin-Lenovo kernel: Loaded X.509 cert 'Canonical Ltd. Live Patch Signing 2025 Kmod: d541cef61dc7e793b7eb7e899970a2eef0b5dc8c'
May 16 16:08:03 skyin-Lenovo kernel: Loaded X.509 cert 'Canonical Ltd. Live Patch Signing: 14df34d1a87cf37625abec039ef2bf521249b969'
May 16 16:08:03 skyin-Lenovo kernel: input: AT Translated Set 2 keyboard as /devices/platform/i8042/serio0/input/input3
May 16 16:08:03 skyin-Lenovo kernel: Loaded X.509 cert 'Canonical Ltd. Kernel Module Signing: 88f752e560a1e0737e31163a466ad7b70a850c19'
May 16 16:08:03 skyin-Lenovo kernel: blacklist: Loading compiled-in revocation X.509 certificates
May 16 16:08:03 skyin-Lenovo kernel: Loaded X.509 cert 'Canonical Ltd. Secure Boot Signing: 61482aa2830d0ab2ad5af10b7250da9033ddcef0'
May 16 16:08:03 skyin-Lenovo kernel: Loaded X.509 cert 'Canonical Ltd. Secure Boot Signing (2017): 242ade75ac4a15e50d50c84b0d45ff3eae707a03'
May 16 16:08:03 skyin-Lenovo kernel: Loaded X.509 cert 'Canonical Ltd. Secure Boot Signing (ESM 2018): 365188c1d374d6b07c3c8f240f8ef722433d6a8b'
May 16 16:08:03 skyin-Lenovo kernel: Loaded X.509 cert 'Canonical Ltd. Secure Boot Signing (2019): c0746fd6c5da3ae827864651ad66ae47fe24b3e8'
May 16 16:08:03 skyin-Lenovo kernel: Loaded X.509 cert 'Canonical Ltd. Secure Boot Signing (2021 v1): a8d54bbb3825cfb94fa13c9f8a594a195c107b8d'
May 16 16:08:03 skyin-Lenovo kernel: Loaded X.509 cert 'Canonical Ltd. Secure Boot Signing (2021 v2): 4cf046892d6fd3c9a5b03f98d845f90851dc6a8c'
May 16 16:08:03 skyin-Lenovo kernel: Loaded X.509 cert 'Canonical Ltd. Secure Boot Signing (2021 v3): 100437bb6de6e469b581e61cd66bce3ef4ed53af'
May 16 16:08:03 skyin-Lenovo kernel: Loaded X.509 cert 'Canonical Ltd. Secure Boot Signing (Ubuntu Core 2019): c1d57b8f6b743f23ee41f4f7ee292f06eecadfb9'
May 16 16:08:03 skyin-Lenovo kernel: Demotion targets for Node 0: null
May 16 16:08:03 skyin-Lenovo kernel: Key type .fscrypt registered
May 16 16:08:03 skyin-Lenovo kernel: Key type fscrypt-provisioning registered
May 16 16:08:03 skyin-Lenovo kernel: Key type big_key registered
May 16 16:08:03 skyin-Lenovo kernel: Freeing initrd memory: 76292K
May 16 16:08:03 skyin-Lenovo kernel: Key type encrypted registered
May 16 16:08:03 skyin-Lenovo kernel: AppArmor: AppArmor sha256 policy hashing enabled
May 16 16:08:03 skyin-Lenovo kernel: integrity: Loading X.509 certificate: UEFI:db
May 16 16:08:03 skyin-Lenovo kernel: integrity: Loaded X.509 cert 'Microsoft Windows Production PCA 2011: a92902398e16c49778cd90f99e4f9ae17c55af53'
May 16 16:08:03 skyin-Lenovo kernel: integrity: Loading X.509 certificate: UEFI:db
May 16 16:08:03 skyin-Lenovo kernel: integrity: Loaded X.509 cert 'Microsoft Corporation UEFI CA 2011: 13adbf4309bd82709c8cd54f316ed522988a1bd4'
May 16 16:08:03 skyin-Lenovo kernel: ima: No TPM chip found, activating TPM-bypass!
May 16 16:08:03 skyin-Lenovo kernel: Loading compiled-in module X.509 certificates
May 16 16:08:03 skyin-Lenovo kernel: Loaded X.509 cert 'Build time autogenerated kernel key: ccf7e221a97be21fd745ec718ad66dd71877660c'
May 16 16:08:03 skyin-Lenovo kernel: ima: Allocated hash algorithm: sha256
May 16 16:08:03 skyin-Lenovo kernel: ima: No architecture policies found
May 16 16:08:03 skyin-Lenovo kernel: evm: Initialising EVM extended attributes:
May 16 16:08:03 skyin-Lenovo kernel: evm: security.selinux
May 16 16:08:03 skyin-Lenovo kernel: evm: security.SMACK64
May 16 16:08:03 skyin-Lenovo kernel: evm: security.SMACK64EXEC
May 16 16:08:03 skyin-Lenovo kernel: evm: security.SMACK64TRANSMUTE
May 16 16:08:03 skyin-Lenovo kernel: evm: security.SMACK64MMAP
May 16 16:08:03 skyin-Lenovo kernel: evm: security.apparmor
May 16 16:08:03 skyin-Lenovo kernel: evm: security.ima
May 16 16:08:03 skyin-Lenovo kernel: evm: security.capability
May 16 16:08:03 skyin-Lenovo kernel: evm: HMAC attrs: 0x1
May 16 16:08:03 skyin-Lenovo kernel: PM:   Magic number: 10:108:119
May 16 16:08:03 skyin-Lenovo kernel: RAS: Correctable Errors collector initialized.
May 16 16:08:03 skyin-Lenovo kernel: clk: Disabling unused clocks
May 16 16:08:03 skyin-Lenovo kernel: PM: genpd: Disabling unused power domains
May 16 16:08:03 skyin-Lenovo kernel: Freeing unused decrypted memory: 2028K
May 16 16:08:03 skyin-Lenovo kernel: Freeing unused kernel image (initmem) memory: 5268K
May 16 16:08:03 skyin-Lenovo kernel: Write protecting the kernel read-only data: 38912k
May 16 16:08:03 skyin-Lenovo kernel: Freeing unused kernel image (text/rodata gap) memory: 312K
May 16 16:08:03 skyin-Lenovo kernel: Freeing unused kernel image (rodata/data gap) memory: 92K
May 16 16:08:03 skyin-Lenovo kernel: x86/mm: Checked W+X mappings: passed, no W+X pages found.
May 16 16:08:03 skyin-Lenovo kernel: x86/mm: Checking user space page tables
May 16 16:08:03 skyin-Lenovo kernel: usb 1-3: new full-speed USB device number 2 using xhci_hcd
May 16 16:08:03 skyin-Lenovo kernel: x86/mm: Checked W+X mappings: passed, no W+X pages found.
May 16 16:08:03 skyin-Lenovo kernel: Run /init as init process
May 16 16:08:03 skyin-Lenovo kernel:   with arguments:
May 16 16:08:03 skyin-Lenovo kernel:     /init
May 16 16:08:03 skyin-Lenovo kernel:     splash
May 16 16:08:03 skyin-Lenovo kernel:   with environment:
May 16 16:08:03 skyin-Lenovo kernel:     HOME=/
May 16 16:08:03 skyin-Lenovo kernel:     TERM=linux
May 16 16:08:03 skyin-Lenovo kernel: usb 1-3: New USB device found, idVendor=138a, idProduct=0094, bcdDevice= 1.64
May 16 16:08:03 skyin-Lenovo kernel: usb 1-3: New USB device strings: Mfr=0, Product=0, SerialNumber=1
May 16 16:08:03 skyin-Lenovo kernel: usb 1-3: SerialNumber: 20ea88536440
May 16 16:08:03 skyin-Lenovo kernel: usb 1-5: new high-speed USB device number 3 using xhci_hcd
May 16 16:08:03 skyin-Lenovo kernel: rtsx_pci 0000:01:00.0: enabling device (0000 -> 0002)
May 16 16:08:03 skyin-Lenovo kernel: r8169 0000:02:00.0: enabling device (0000 -> 0003)
May 16 16:08:03 skyin-Lenovo kernel: ahci 0000:00:17.0: AHCI vers 0001.0301, 32 command slots, 6 Gbps, RAID mode
May 16 16:08:03 skyin-Lenovo kernel: ahci 0000:00:17.0: 1/3 ports implemented (port mask 0x4)
May 16 16:08:03 skyin-Lenovo kernel: ahci 0000:00:17.0: flags: 64bit ncq pm led clo only pio slum part deso sadm sds apst 
May 16 16:08:03 skyin-Lenovo kernel: scsi host0: ahci
May 16 16:08:03 skyin-Lenovo kernel: scsi host1: ahci
May 16 16:08:03 skyin-Lenovo kernel: r8169 0000:02:00.0 eth0: RTL8168h/8111h, 48:2a:e3:02:26:55, XID 541, IRQ 130
May 16 16:08:03 skyin-Lenovo kernel: r8169 0000:02:00.0 eth0: jumbo features [frames: 9194 bytes, tx checksumming: ko]
May 16 16:08:03 skyin-Lenovo kernel: scsi host2: ahci
May 16 16:08:03 skyin-Lenovo kernel: ata1: DUMMY
May 16 16:08:03 skyin-Lenovo kernel: ata2: DUMMY
May 16 16:08:03 skyin-Lenovo kernel: ata3: SATA max UDMA/133 abar m524288@0xd1300000 port 0xd1300200 irq 131 lpm-pol 3
May 16 16:08:03 skyin-Lenovo kernel: usb 1-5: New USB device found, idVendor=5986, idProduct=1114, bcdDevice=53.01
May 16 16:08:03 skyin-Lenovo kernel: usb 1-5: New USB device strings: Mfr=3, Product=1, SerialNumber=2
May 16 16:08:03 skyin-Lenovo kernel: usb 1-5: Product: EasyCamera
May 16 16:08:03 skyin-Lenovo kernel: usb 1-5: Manufacturer: Bison
May 16 16:08:03 skyin-Lenovo kernel: usb 1-5: SerialNumber: 200901010001
May 16 16:08:03 skyin-Lenovo kernel: r8169 0000:02:00.0 enp2s0: renamed from eth0
May 16 16:08:03 skyin-Lenovo kernel: usb 1-8: new full-speed USB device number 4 using xhci_hcd
May 16 16:08:03 skyin-Lenovo kernel: usb 1-8: New USB device found, idVendor=8087, idProduct=0a2b, bcdDevice= 0.01
May 16 16:08:03 skyin-Lenovo kernel: usb 1-8: New USB device strings: Mfr=0, Product=0, SerialNumber=0
May 16 16:08:03 skyin-Lenovo kernel: ata3: SATA link up 6.0 Gbps (SStatus 133 SControl 300)
May 16 16:08:03 skyin-Lenovo kernel: ata3.00: Model 'INTEL SSDSCKKF256H6 SATA 256GB', rev ' LBFD07N', applying quirks: zeroaftertrim
May 16 16:08:03 skyin-Lenovo kernel: ata3.00: ATA-10: INTEL SSDSCKKF256H6 SATA 256GB,  LBFD07N, max UDMA/133
May 16 16:08:03 skyin-Lenovo kernel: ata3.00: 500118192 sectors, multi 16: LBA48 NCQ (depth 32), AA
May 16 16:08:03 skyin-Lenovo kernel: ata3.00: Features: Dev-Sleep HIPM DIPM
May 16 16:08:03 skyin-Lenovo kernel: ata3.00: configured for UDMA/133
May 16 16:08:03 skyin-Lenovo kernel: scsi 2:0:0:0: Direct-Access     ATA      INTEL SSDSCKKF25 D07N PQ: 0 ANSI: 5
May 16 16:08:03 skyin-Lenovo kernel: sd 2:0:0:0: Attached scsi generic sg0 type 0
May 16 16:08:03 skyin-Lenovo kernel: sd 2:0:0:0: [sda] 500118192 512-byte logical blocks: (256 GB/238 GiB)
May 16 16:08:03 skyin-Lenovo kernel: sd 2:0:0:0: [sda] Write Protect is off
May 16 16:08:03 skyin-Lenovo kernel: sd 2:0:0:0: [sda] Mode Sense: 00 3a 00 00
May 16 16:08:03 skyin-Lenovo kernel: sd 2:0:0:0: [sda] Write cache: enabled, read cache: enabled, doesn't support DPO or FUA
May 16 16:08:03 skyin-Lenovo kernel: sd 2:0:0:0: [sda] Preferred minimum I/O size 512 bytes
May 16 16:08:03 skyin-Lenovo kernel: tsc: Refined TSC clocksource calibration: 2400.004 MHz
May 16 16:08:03 skyin-Lenovo kernel: clocksource: tsc: mask: 0xffffffffffffffff max_cycles: 0x22983b44418, max_idle_ns: 440795259572 ns
May 16 16:08:03 skyin-Lenovo kernel: clocksource: Switched to clocksource tsc
May 16 16:08:03 skyin-Lenovo kernel:  sda: sda1 sda2 sda3 sda4 sda5
May 16 16:08:03 skyin-Lenovo kernel: sd 2:0:0:0: [sda] Attached SCSI disk
May 16 16:08:03 skyin-Lenovo kernel: psmouse serio1: synaptics: queried max coordinates: x [..5674], y [..4802]
May 16 16:08:03 skyin-Lenovo kernel: EXT4-fs (sda5): mounted filesystem 1e8991aa-f189-4501-afc5-d6bf529d1d3c ro with ordered data mode. Quota mode: none.
May 16 16:08:03 skyin-Lenovo kernel: psmouse serio1: synaptics: queried min coordinates: x [1268..], y [1052..]
May 16 16:08:03 skyin-Lenovo kernel: psmouse serio1: synaptics: Touchpad model: 1, fw: 8.2, id: 0x1e2b1, caps: 0xf00123/0x840300/0x22800/0x0, board id: 3280, fw id: 2405765
May 16 16:08:03 skyin-Lenovo kernel: input: SynPS/2 Synaptics TouchPad as /devices/platform/i8042/serio1/input/input6
May 16 16:08:03 skyin-Lenovo systemd[1]: Inserted module 'autofs4'
May 16 16:08:03 skyin-Lenovo systemd[1]: systemd 255.4-1ubuntu8.14 running in system mode (+PAM +AUDIT +SELINUX +APPARMOR +IMA +SMACK +SECCOMP +GCRYPT -GNUTLS +OPENSSL +ACL +BLKID +CURL +ELFUTILS +FIDO2 +IDN2 -IDN +IPTC +KMOD +LIBCRYPTSETUP +LIBFDISK +PCRE2 -PWQUALITY +P11KIT +QRENCODE +TPM2 +BZIP2 +LZ4 +XZ +ZLIB +ZSTD -BPF_FRAMEWORK -XKBCOMMON +UTMP +SYSVINIT default-hierarchy=unified)
May 16 16:08:03 skyin-Lenovo systemd[1]: Detected architecture x86-64.
May 16 16:08:03 skyin-Lenovo systemd[1]: Hostname set to <skyin-Lenovo>.
May 16 16:08:03 skyin-Lenovo systemd[1]: Queued start job for default target graphical.target.
May 16 16:08:03 skyin-Lenovo systemd[1]: Created slice system-modprobe.slice - Slice /system/modprobe.
May 16 16:08:03 skyin-Lenovo systemd[1]: Created slice system-systemd\x2dfsck.slice - Slice /system/systemd-fsck.
May 16 16:08:03 skyin-Lenovo systemd[1]: Created slice user.slice - User and Session Slice.
May 16 16:08:03 skyin-Lenovo systemd[1]: Started systemd-ask-password-wall.path - Forward Password Requests to Wall Directory Watch.
May 16 16:08:03 skyin-Lenovo systemd[1]: Set up automount proc-sys-fs-binfmt_misc.automount - Arbitrary Executable File Formats File System Automount Point.
May 16 16:08:03 skyin-Lenovo systemd[1]: Expecting device dev-disk-by\x2duuid-4E15\x2dE1F6.device - /dev/disk/by-uuid/4E15-E1F6...
May 16 16:08:03 skyin-Lenovo systemd[1]: Reached target integritysetup.target - Local Integrity Protected Volumes.
May 16 16:08:03 skyin-Lenovo systemd[1]: Reached target remote-fs.target - Remote File Systems.
May 16 16:08:03 skyin-Lenovo systemd[1]: Reached target slices.target - Slice Units.
May 16 16:08:03 skyin-Lenovo systemd[1]: Reached target snapd.mounts-pre.target - Mounting snaps.
May 16 16:08:03 skyin-Lenovo systemd[1]: Reached target veritysetup.target - Local Verity Protected Volumes.
May 16 16:08:03 skyin-Lenovo systemd[1]: Listening on syslog.socket - Syslog Socket.
May 16 16:08:03 skyin-Lenovo systemd[1]: Listening on systemd-fsckd.socket - fsck to fsckd communication Socket.
May 16 16:08:03 skyin-Lenovo systemd[1]: Listening on systemd-initctl.socket - initctl Compatibility Named Pipe.
May 16 16:08:03 skyin-Lenovo systemd[1]: Listening on systemd-journald-dev-log.socket - Journal Socket (/dev/log).
May 16 16:08:03 skyin-Lenovo systemd[1]: Listening on systemd-journald.socket - Journal Socket.
May 16 16:08:03 skyin-Lenovo systemd[1]: Listening on systemd-oomd.socket - Userspace Out-Of-Memory (OOM) Killer Socket.
May 16 16:08:03 skyin-Lenovo systemd[1]: systemd-pcrextend.socket - TPM2 PCR Extension (Varlink) was skipped because of an unmet condition check (ConditionSecurity=measured-uki).
May 16 16:08:03 skyin-Lenovo systemd[1]: Listening on systemd-udevd-control.socket - udev Control Socket.
May 16 16:08:03 skyin-Lenovo systemd[1]: Listening on systemd-udevd-kernel.socket - udev Kernel Socket.
May 16 16:08:03 skyin-Lenovo systemd[1]: Mounting dev-hugepages.mount - Huge Pages File System...
May 16 16:08:03 skyin-Lenovo systemd[1]: Mounting dev-mqueue.mount - POSIX Message Queue File System...
May 16 16:08:03 skyin-Lenovo systemd[1]: Mounting sys-kernel-debug.mount - Kernel Debug File System...
May 16 16:08:03 skyin-Lenovo systemd[1]: Mounting sys-kernel-tracing.mount - Kernel Trace File System...
May 16 16:08:03 skyin-Lenovo systemd[1]: Starting systemd-journald.service - Journal Service...
May 16 16:08:03 skyin-Lenovo systemd[1]: Starting keyboard-setup.service - Set the console keyboard layout...
May 16 16:08:03 skyin-Lenovo systemd[1]: Starting kmod-static-nodes.service - Create List of Static Device Nodes...
May 16 16:08:03 skyin-Lenovo systemd[1]: Starting modprobe@configfs.service - Load Kernel Module configfs...
May 16 16:08:03 skyin-Lenovo systemd[1]: Starting modprobe@dm_mod.service - Load Kernel Module dm_mod...
May 16 16:08:03 skyin-Lenovo systemd[1]: Starting modprobe@drm.service - Load Kernel Module drm...
May 16 16:08:03 skyin-Lenovo systemd[1]: Starting modprobe@efi_pstore.service - Load Kernel Module efi_pstore...
May 16 16:08:03 skyin-Lenovo systemd[1]: Starting modprobe@fuse.service - Load Kernel Module fuse...
May 16 16:08:03 skyin-Lenovo systemd[1]: Starting modprobe@loop.service - Load Kernel Module loop...
May 16 16:08:03 skyin-Lenovo systemd[1]: systemd-fsck-root.service - File System Check on Root Device was skipped because of an unmet condition check (ConditionPathExists=!/run/initramfs/fsck-root).
May 16 16:08:03 skyin-Lenovo systemd[1]: Starting systemd-modules-load.service - Load Kernel Modules...
May 16 16:08:03 skyin-Lenovo systemd[1]: systemd-pcrmachine.service - TPM2 PCR Machine ID Measurement was skipped because of an unmet condition check (ConditionSecurity=measured-uki).
May 16 16:08:03 skyin-Lenovo kernel: pstore: Using crash dump compression: deflate
May 16 16:08:03 skyin-Lenovo systemd[1]: Starting systemd-remount-fs.service - Remount Root and Kernel File Systems...
May 16 16:08:03 skyin-Lenovo systemd[1]: systemd-tpm2-setup-early.service - TPM2 SRK Setup (Early) was skipped because of an unmet condition check (ConditionSecurity=measured-uki).
May 16 16:08:03 skyin-Lenovo systemd-journald[274]: Collecting audit messages is disabled.
May 16 16:08:03 skyin-Lenovo systemd[1]: Starting systemd-udev-trigger.service - Coldplug All udev Devices...
May 16 16:08:03 skyin-Lenovo systemd[1]: Mounted dev-hugepages.mount - Huge Pages File System.
May 16 16:08:03 skyin-Lenovo systemd[1]: Mounted dev-mqueue.mount - POSIX Message Queue File System.
May 16 16:08:03 skyin-Lenovo systemd[1]: Mounted sys-kernel-debug.mount - Kernel Debug File System.
May 16 16:08:03 skyin-Lenovo systemd[1]: Mounted sys-kernel-tracing.mount - Kernel Trace File System.
May 16 16:08:03 skyin-Lenovo systemd[1]: Finished kmod-static-nodes.service - Create List of Static Device Nodes.
May 16 16:08:03 skyin-Lenovo systemd[1]: modprobe@configfs.service: Deactivated successfully.
May 16 16:08:03 skyin-Lenovo systemd[1]: Finished modprobe@configfs.service - Load Kernel Module configfs.
May 16 16:08:03 skyin-Lenovo systemd[1]: modprobe@dm_mod.service: Deactivated successfully.
May 16 16:08:03 skyin-Lenovo systemd[1]: Finished modprobe@dm_mod.service - Load Kernel Module dm_mod.
May 16 16:08:03 skyin-Lenovo systemd[1]: modprobe@drm.service: Deactivated successfully.
May 16 16:08:03 skyin-Lenovo systemd[1]: Finished modprobe@drm.service - Load Kernel Module drm.
May 16 16:08:03 skyin-Lenovo systemd[1]: modprobe@fuse.service: Deactivated successfully.
May 16 16:08:03 skyin-Lenovo systemd[1]: Finished modprobe@fuse.service - Load Kernel Module fuse.
May 16 16:08:03 skyin-Lenovo systemd[1]: modprobe@loop.service: Deactivated successfully.
May 16 16:08:03 skyin-Lenovo systemd[1]: Finished modprobe@loop.service - Load Kernel Module loop.
May 16 16:08:03 skyin-Lenovo systemd[1]: Mounting sys-fs-fuse-connections.mount - FUSE Control File System...
May 16 16:08:03 skyin-Lenovo kernel: pstore: Registered efi_pstore as persistent store backend
May 16 16:08:03 skyin-Lenovo systemd[1]: Mounting sys-kernel-config.mount - Kernel Configuration File System...
May 16 16:08:03 skyin-Lenovo systemd[1]: systemd-repart.service - Repartition Root Disk was skipped because no trigger condition checks were met.
May 16 16:08:03 skyin-Lenovo kernel: EXT4-fs (sda5): re-mounted 1e8991aa-f189-4501-afc5-d6bf529d1d3c r/w.
May 16 16:08:03 skyin-Lenovo kernel: lp: driver loaded but no devices found
May 16 16:08:03 skyin-Lenovo systemd[1]: Starting systemd-tmpfiles-setup-dev-early.service - Create Static Device Nodes in /dev gracefully...
May 16 16:08:03 skyin-Lenovo systemd[1]: modprobe@efi_pstore.service: Deactivated successfully.
May 16 16:08:03 skyin-Lenovo kernel: ppdev: user-space parallel port driver
May 16 16:08:03 skyin-Lenovo systemd[1]: Finished modprobe@efi_pstore.service - Load Kernel Module efi_pstore.
May 16 16:08:03 skyin-Lenovo systemd[1]: Finished systemd-remount-fs.service - Remount Root and Kernel File Systems.
May 16 16:08:03 skyin-Lenovo systemd[1]: Activating swap swap.img.swap - /swap.img...
May 16 16:08:03 skyin-Lenovo systemd[1]: systemd-hwdb-update.service - Rebuild Hardware Database was skipped because of an unmet condition check (ConditionNeedsUpdate=/etc).
May 16 16:08:03 skyin-Lenovo systemd[1]: systemd-pstore.service - Platform Persistent Storage Archival was skipped because of an unmet condition check (ConditionDirectoryNotEmpty=/sys/fs/pstore).
May 16 16:08:03 skyin-Lenovo systemd[1]: Starting systemd-random-seed.service - Load/Save OS Random Seed...
May 16 16:08:03 skyin-Lenovo systemd[1]: systemd-tpm2-setup.service - TPM2 SRK Setup was skipped because of an unmet condition check (ConditionSecurity=measured-uki).
May 16 16:08:03 skyin-Lenovo systemd[1]: Finished systemd-modules-load.service - Load Kernel Modules.
May 16 16:08:03 skyin-Lenovo systemd[1]: Mounted sys-fs-fuse-connections.mount - FUSE Control File System.
May 16 16:08:03 skyin-Lenovo systemd[1]: Mounted sys-kernel-config.mount - Kernel Configuration File System.
May 16 16:08:03 skyin-Lenovo systemd[1]: Starting systemd-sysctl.service - Apply Kernel Variables...
May 16 16:08:03 skyin-Lenovo systemd-journald[274]: Journal started
May 16 16:08:03 skyin-Lenovo systemd-journald[274]: Runtime Journal (/run/log/journal/7dd38a7369114d129a24490065b11e3a) is 8.0M, max 77.0M, 69.0M free.
May 16 16:08:03 skyin-Lenovo systemd-modules-load[291]: Inserted module 'lp'
May 16 16:08:03 skyin-Lenovo systemd-modules-load[291]: Inserted module 'ppdev'
May 16 16:08:03 skyin-Lenovo systemd-modules-load[291]: Inserted module 'parport_pc'
May 16 16:08:03 skyin-Lenovo systemd[1]: Finished systemd-tmpfiles-setup-dev-early.service - Create Static Device Nodes in /dev gracefully.
May 16 16:08:03 skyin-Lenovo systemd-modules-load[291]: Inserted module 'msr'
May 16 16:08:03 skyin-Lenovo systemd[1]: Started systemd-journald.service - Journal Service.
May 16 16:08:03 skyin-Lenovo kernel: Adding 4194300k swap on /swap.img.  Priority:-2 extents:3 across:4456444k SS
May 16 16:08:03 skyin-Lenovo systemd[1]: Activated swap swap.img.swap - /swap.img.
May 16 16:08:03 skyin-Lenovo systemd[1]: Reached target swap.target - Swaps.
May 16 16:08:03 skyin-Lenovo systemd[1]: Starting systemd-journal-flush.service - Flush Journal to Persistent Storage...
May 16 16:08:03 skyin-Lenovo systemd[1]: systemd-sysusers.service - Create System Users was skipped because no trigger condition checks were met.
May 16 16:08:03 skyin-Lenovo systemd[1]: Starting systemd-tmpfiles-setup-dev.service - Create Static Device Nodes in /dev...
May 16 16:08:03 skyin-Lenovo systemd[1]: Finished systemd-random-seed.service - Load/Save OS Random Seed.
May 16 16:08:03 skyin-Lenovo systemd-journald[274]: Time spent on flushing to /var/log/journal/7dd38a7369114d129a24490065b11e3a is 59.334ms for 861 entries.
May 16 16:08:03 skyin-Lenovo systemd-journald[274]: System Journal (/var/log/journal/7dd38a7369114d129a24490065b11e3a) is 24.0M, max 4.0G, 3.9G free.
May 16 16:08:03 skyin-Lenovo systemd-journald[274]: Received client request to flush runtime journal.
May 16 16:08:03 skyin-Lenovo systemd-journald[274]: /var/log/journal/7dd38a7369114d129a24490065b11e3a/system.journal: Journal file uses a different sequence number ID, rotating.
May 16 16:08:03 skyin-Lenovo systemd-journald[274]: Rotating system journal.
May 16 16:08:03 skyin-Lenovo kernel: loop0: detected capacity change from 0 to 8
May 16 16:08:03 skyin-Lenovo kernel: loop1: detected capacity change from 0 to 151464
May 16 16:08:03 skyin-Lenovo kernel: loop2: detected capacity change from 0 to 515416
May 16 16:08:03 skyin-Lenovo kernel: loop3: detected capacity change from 0 to 1088256
May 16 16:08:03 skyin-Lenovo kernel: loop4: detected capacity change from 0 to 37864
May 16 16:08:03 skyin-Lenovo kernel: loop5: detected capacity change from 0 to 187776
May 16 16:08:03 skyin-Lenovo kernel: loop6: detected capacity change from 0 to 22176
May 16 16:08:03 skyin-Lenovo kernel: loop7: detected capacity change from 0 to 98480
May 16 16:08:03 skyin-Lenovo kernel: loop8: detected capacity change from 0 to 1152
May 16 16:08:03 skyin-Lenovo systemd[1]: Finished systemd-sysctl.service - Apply Kernel Variables.
May 16 16:08:03 skyin-Lenovo systemd[1]: Finished keyboard-setup.service - Set the console keyboard layout.
May 16 16:08:03 skyin-Lenovo systemd[1]: Finished systemd-tmpfiles-setup-dev.service - Create Static Device Nodes in /dev.
May 16 16:08:03 skyin-Lenovo systemd[1]: Reached target local-fs-pre.target - Preparation for Local File Systems.
May 16 16:08:03 skyin-Lenovo systemd[1]: Mounting snap-bare-5.mount - Mount unit for bare, revision 5...
May 16 16:08:03 skyin-Lenovo systemd[1]: Mounting snap-core22-2292.mount - Mount unit for core22, revision 2292...
May 16 16:08:03 skyin-Lenovo systemd[1]: Mounting snap-firefox-7766.mount - Mount unit for firefox, revision 7766...
May 16 16:08:03 skyin-Lenovo systemd[1]: Mounting snap-firmware\x2dupdater-210.mount - Mount unit for firmware-updater, revision 210...
May 16 16:08:03 skyin-Lenovo systemd[1]: Mounting snap-gnome\x2d42\x2d2204-247.mount - Mount unit for gnome-42-2204, revision 247...
May 16 16:08:03 skyin-Lenovo systemd[1]: Mounting snap-gtk\x2dcommon\x2dthemes-1535.mount - Mount unit for gtk-common-themes, revision 1535...
May 16 16:08:03 skyin-Lenovo systemd[1]: Mounting snap-snap\x2dstore-1270.mount - Mount unit for snap-store, revision 1270...
May 16 16:08:03 skyin-Lenovo systemd[1]: Mounting snap-snapd-25935.mount - Mount unit for snapd, revision 25935...
May 16 16:08:03 skyin-Lenovo systemd[1]: Mounting snap-snapd\x2ddesktop\x2dintegration-343.mount - Mount unit for snapd-desktop-integration, revision 343...
May 16 16:08:03 skyin-Lenovo systemd[1]: Starting systemd-udevd.service - Rule-based Manager for Device Events and Files...
May 16 16:08:03 skyin-Lenovo systemd[1]: Mounted snap-bare-5.mount - Mount unit for bare, revision 5.
May 16 16:08:03 skyin-Lenovo systemd[1]: Mounted snap-core22-2292.mount - Mount unit for core22, revision 2292.
May 16 16:08:03 skyin-Lenovo systemd[1]: Mounted snap-firefox-7766.mount - Mount unit for firefox, revision 7766.
May 16 16:08:03 skyin-Lenovo systemd[1]: Mounted snap-firmware\x2dupdater-210.mount - Mount unit for firmware-updater, revision 210.
May 16 16:08:03 skyin-Lenovo systemd[1]: Mounted snap-gnome\x2d42\x2d2204-247.mount - Mount unit for gnome-42-2204, revision 247.
May 16 16:08:03 skyin-Lenovo systemd[1]: Mounted snap-gtk\x2dcommon\x2dthemes-1535.mount - Mount unit for gtk-common-themes, revision 1535.
May 16 16:08:03 skyin-Lenovo systemd[1]: Mounted snap-snap\x2dstore-1270.mount - Mount unit for snap-store, revision 1270.
May 16 16:08:03 skyin-Lenovo systemd[1]: Mounted snap-snapd-25935.mount - Mount unit for snapd, revision 25935.
May 16 16:08:03 skyin-Lenovo systemd[1]: Mounted snap-snapd\x2ddesktop\x2dintegration-343.mount - Mount unit for snapd-desktop-integration, revision 343.
May 16 16:08:03 skyin-Lenovo systemd[1]: Reached target snapd.mounts.target - Mounted snaps.
May 16 16:08:03 skyin-Lenovo systemd-udevd[345]: Using default interface naming scheme 'v255'.
May 16 16:08:03 skyin-Lenovo systemd[1]: Started systemd-udevd.service - Rule-based Manager for Device Events and Files.
May 16 16:08:03 skyin-Lenovo systemd[1]: Finished systemd-udev-trigger.service - Coldplug All udev Devices.
May 16 16:08:03 skyin-Lenovo systemd[1]: Finished systemd-journal-flush.service - Flush Journal to Persistent Storage.
May 16 16:08:03 skyin-Lenovo systemd[1]: Starting plymouth-start.service - Show Plymouth Boot Screen...
May 16 16:08:03 skyin-Lenovo systemd[1]: Started plymouth-start.service - Show Plymouth Boot Screen.
May 16 16:08:03 skyin-Lenovo systemd[1]: systemd-ask-password-console.path - Dispatch Password Requests to Console Directory Watch was skipped because of an unmet condition check (ConditionPathExists=!/run/plymouth/pid).
May 16 16:08:03 skyin-Lenovo systemd[1]: Started systemd-ask-password-plymouth.path - Forward Password Requests to Plymouth Directory Watch.
May 16 16:08:03 skyin-Lenovo systemd[1]: Reached target cryptsetup.target - Local Encrypted Volumes.
May 16 16:08:04 skyin-Lenovo kernel: intel_pmc_core INT33A1:00:  initialized
May 16 16:08:04 skyin-Lenovo kernel: mei_me 0000:00:16.0: enabling device (0004 -> 0006)
May 16 16:08:04 skyin-Lenovo mtp-probe[462]: checking bus 1, device 3: "/sys/devices/pci0000:00/0000:00:14.0/usb1/1-5"
May 16 16:08:04 skyin-Lenovo mtp-probe[462]: bus: 1, device: 3 was not an MTP device
May 16 16:08:04 skyin-Lenovo mtp-probe[463]: checking bus 1, device 2: "/sys/devices/pci0000:00/0000:00:14.0/usb1/1-3"
May 16 16:08:04 skyin-Lenovo mtp-probe[463]: bus: 1, device: 2 was not an MTP device
May 16 16:08:04 skyin-Lenovo kernel: asus_wmi: ASUS WMI generic driver loaded
May 16 16:08:04 skyin-Lenovo kernel: cfg80211: Loading compiled-in X.509 certificates for regulatory database
May 16 16:08:04 skyin-Lenovo kernel: Loaded X.509 cert 'sforshee: 00b28ddf47aef9cea7'
May 16 16:08:04 skyin-Lenovo kernel: Loaded X.509 cert 'wens: 61c038651aabdcf94bd0ac7ff06c7248db18c600'
May 16 16:08:04 skyin-Lenovo systemd[1]: Found device dev-disk-by\x2duuid-4E15\x2dE1F6.device - INTEL_SSDSCKKF256H6_SATA_256GB Basic\x20data\x20partition.
May 16 16:08:04 skyin-Lenovo kernel: mc: Linux media interface: v0.10
May 16 16:08:04 skyin-Lenovo kernel: Bluetooth: Core ver 2.22
May 16 16:08:04 skyin-Lenovo kernel: NET: Registered PF_BLUETOOTH protocol family
May 16 16:08:04 skyin-Lenovo kernel: Bluetooth: HCI device and connection manager initialized
May 16 16:08:04 skyin-Lenovo kernel: Bluetooth: HCI socket layer initialized
May 16 16:08:04 skyin-Lenovo kernel: Bluetooth: L2CAP socket layer initialized
May 16 16:08:04 skyin-Lenovo kernel: Bluetooth: SCO socket layer initialized
May 16 16:08:04 skyin-Lenovo systemd[1]: Starting systemd-fsck@dev-disk-by\x2duuid-4E15\x2dE1F6.service - File System Check on /dev/disk/by-uuid/4E15-E1F6...
May 16 16:08:04 skyin-Lenovo systemd[1]: Started systemd-fsckd.service - File System Check Daemon to report status.
May 16 16:08:04 skyin-Lenovo systemd[1]: Listening on systemd-rfkill.socket - Load/Save RF Kill Switch Status /dev/rfkill Watch.
May 16 16:08:04 skyin-Lenovo systemd-fsck[494]: fsck.fat 4.2 (2021-01-31)
May 16 16:08:04 skyin-Lenovo systemd-fsck[494]: /dev/sda1: 203 files, 19042/100352 clusters
May 16 16:08:04 skyin-Lenovo systemd[1]: Finished systemd-fsck@dev-disk-by\x2duuid-4E15\x2dE1F6.service - File System Check on /dev/disk/by-uuid/4E15-E1F6.
May 16 16:08:04 skyin-Lenovo systemd[1]: Mounting boot-efi.mount - /boot/efi...
May 16 16:08:11 skyin-Lenovo kernel: mei_me 0000:00:16.0: wait hw ready failed
May 16 16:08:11 skyin-Lenovo kernel: mei_me 0000:00:16.0: hw_start failed ret = -62 fw status = 80002014 30650116 000000A0 00084000 00000000 00000000
May 16 16:08:11 skyin-Lenovo kernel: mei_me 0000:00:16.0: H_RST is set = 0x80070731
May 16 16:08:13 skyin-Lenovo kernel: mei_me 0000:00:16.0: wait hw ready failed
May 16 16:08:13 skyin-Lenovo kernel: mei_me 0000:00:16.0: hw_start failed ret = -62 fw status = 80002014 30650116 000000A0 00084000 00000000 00000000
May 16 16:08:13 skyin-Lenovo kernel: mei_me 0000:00:16.0: H_RST is set = 0x80070731
May 16 16:08:15 skyin-Lenovo kernel: mei_me 0000:00:16.0: wait hw ready failed
May 16 16:08:15 skyin-Lenovo kernel: mei_me 0000:00:16.0: hw_start failed ret = -62 fw status = 80002014 30650116 000000A0 00084000 00000000 00000000
May 16 16:08:15 skyin-Lenovo kernel: mei_me 0000:00:16.0: reset: reached maximal consecutive resets: disabling the device
May 16 16:08:15 skyin-Lenovo kernel: mei_me 0000:00:16.0: reset failed ret = -19
May 16 16:08:15 skyin-Lenovo kernel: mei_me 0000:00:16.0: link layer initialization failed.
May 16 16:08:15 skyin-Lenovo kernel: mei_me 0000:00:16.0: init hw failure.
May 16 16:08:15 skyin-Lenovo kernel: mei_me 0000:00:16.0: initialization failed.
May 16 16:08:15 skyin-Lenovo kernel: RAPL PMU: API unit is 2^-32 Joules, 5 fixed counters, 655360 ms ovfl timer
May 16 16:08:15 skyin-Lenovo kernel: RAPL PMU: hw unit of domain pp0-core 2^-14 Joules
May 16 16:08:15 skyin-Lenovo kernel: RAPL PMU: hw unit of domain package 2^-14 Joules
May 16 16:08:15 skyin-Lenovo kernel: RAPL PMU: hw unit of domain dram 2^-14 Joules
May 16 16:08:15 skyin-Lenovo kernel: RAPL PMU: hw unit of domain pp1-gpu 2^-14 Joules
May 16 16:08:15 skyin-Lenovo kernel: RAPL PMU: hw unit of domain psys 2^-14 Joules
May 16 16:08:15 skyin-Lenovo kernel: i801_smbus 0000:00:1f.4: enabling device (0000 -> 0003)
May 16 16:08:15 skyin-Lenovo kernel: i801_smbus 0000:00:1f.4: SPD Write Disable is set
May 16 16:08:15 skyin-Lenovo kernel: i801_smbus 0000:00:1f.4: SMBus using PCI interrupt
May 16 16:08:15 skyin-Lenovo kernel: asus_wmi: ASUS Management GUID not found
May 16 16:08:15 skyin-Lenovo systemd[1]: Mounted boot-efi.mount - /boot/efi.
May 16 16:08:15 skyin-Lenovo systemd[1]: Reached target local-fs.target - Local File Systems.
May 16 16:08:16 skyin-Lenovo systemd[1]: Listening on systemd-sysext.socket - System Extension Image Management (Varlink).
May 16 16:08:16 skyin-Lenovo kernel: ACPI: battery: new hook: Ideapad Battery Extension
May 16 16:08:16 skyin-Lenovo systemd[1]: Starting apparmor.service - Load AppArmor profiles...
May 16 16:08:16 skyin-Lenovo kernel: input: Ideapad extra buttons as /devices/pci0000:00/0000:00:1f.0/PNP0C09:00/VPC2004:00/input/input7
May 16 16:08:16 skyin-Lenovo systemd[1]: Starting console-setup.service - Set console font and keymap...
May 16 16:08:16 skyin-Lenovo systemd[1]: ldconfig.service - Rebuild Dynamic Linker Cache was skipped because no trigger condition checks were met.
May 16 16:08:16 skyin-Lenovo systemd[1]: Starting plymouth-read-write.service - Tell Plymouth To Write Out Runtime Data...
May 16 16:08:16 skyin-Lenovo kernel: videodev: Linux video capture interface: v2.00
May 16 16:08:16 skyin-Lenovo systemd[1]: Starting systemd-binfmt.service - Set Up Additional Binary Formats...
May 16 16:08:16 skyin-Lenovo apparmor.systemd[522]: Restarting AppArmor
May 16 16:08:16 skyin-Lenovo systemd[1]: Starting systemd-tmpfiles-setup.service - Create Volatile Files and Directories...
May 16 16:08:16 skyin-Lenovo apparmor.systemd[522]: Reloading AppArmor profiles
May 16 16:08:16 skyin-Lenovo systemd[1]: Starting ufw.service - Uncomplicated firewall...
May 16 16:08:16 skyin-Lenovo systemd[1]: Finished console-setup.service - Set console font and keymap.
May 16 16:08:16 skyin-Lenovo systemd[1]: Received SIGRTMIN+20 from PID 202 (plymouthd).
May 16 16:08:16 skyin-Lenovo systemd[1]: Finished plymouth-read-write.service - Tell Plymouth To Write Out Runtime Data.
May 16 16:08:16 skyin-Lenovo kernel: ideapad_acpi VPC2004:00: DYTC interface is not available
May 16 16:08:16 skyin-Lenovo kernel: audit: type=1400 audit(1778918896.072:2): apparmor="STATUS" operation="profile_load" profile="unconfined" name="Discord" pid=543 comm="apparmor_parser"
May 16 16:08:16 skyin-Lenovo kernel: audit: type=1400 audit(1778918896.072:3): apparmor="STATUS" operation="profile_load" profile="unconfined" name="QtWebEngineProcess" pid=545 comm="apparmor_parser"
May 16 16:08:16 skyin-Lenovo systemd[1]: Starting systemd-rfkill.service - Load/Save RF Kill Switch Status...
May 16 16:08:16 skyin-Lenovo systemd[1]: Finished ufw.service - Uncomplicated firewall.
May 16 16:08:16 skyin-Lenovo systemd[1]: proc-sys-fs-binfmt_misc.automount: Got automount request for /proc/sys/fs/binfmt_misc, triggered by 529 (systemd-binfmt)
May 16 16:08:16 skyin-Lenovo systemd[1]: Reached target network-pre.target - Preparation for Network.
May 16 16:08:16 skyin-Lenovo kernel: audit: type=1400 audit(1778918896.076:4): apparmor="STATUS" operation="profile_load" profile="unconfined" name="1password" pid=542 comm="apparmor_parser"
May 16 16:08:16 skyin-Lenovo kernel: audit: type=1400 audit(1778918896.077:5): apparmor="STATUS" operation="profile_load" profile="unconfined" name=4D6F6E676F444220436F6D70617373 pid=544 comm="apparmor_parser"
May 16 16:08:16 skyin-Lenovo systemd[1]: Mounting proc-sys-fs-binfmt_misc.mount - Arbitrary Executable File Formats File System...
May 16 16:08:16 skyin-Lenovo kernel: audit: type=1400 audit(1778918896.084:6): apparmor="STATUS" operation="profile_load" profile="unconfined" name="balena-etcher" pid=548 comm="apparmor_parser"
May 16 16:08:16 skyin-Lenovo kernel: audit: type=1400 audit(1778918896.093:7): apparmor="STATUS" operation="profile_load" profile="unconfined" name="cam" pid=554 comm="apparmor_parser"
May 16 16:08:16 skyin-Lenovo kernel: audit: type=1400 audit(1778918896.093:8): apparmor="STATUS" operation="profile_load" profile="unconfined" name="brave" pid=550 comm="apparmor_parser"
May 16 16:08:16 skyin-Lenovo kernel: audit: type=1400 audit(1778918896.094:9): apparmor="STATUS" operation="profile_load" profile="unconfined" name="buildah" pid=551 comm="apparmor_parser"
May 16 16:08:16 skyin-Lenovo kernel: audit: type=1400 audit(1778918896.095:10): apparmor="STATUS" operation="profile_load" profile="unconfined" name="busybox" pid=552 comm="apparmor_parser"
May 16 16:08:16 skyin-Lenovo kernel: audit: type=1400 audit(1778918896.098:11): apparmor="STATUS" operation="profile_load" profile="unconfined" name="ch-run" pid=556 comm="apparmor_parser"
May 16 16:08:16 skyin-Lenovo kernel: iwlwifi 0000:03:00.0: enabling device (0000 -> 0002)
May 16 16:08:16 skyin-Lenovo kernel: iwlwifi 0000:03:00.0: Detected crf-id 0xbadcafe, cnv-id 0x3000000 wfpm id 0x80000000
May 16 16:08:16 skyin-Lenovo kernel: iwlwifi 0000:03:00.0: PCI dev 24f3/0050, rev=0x201, rfid=0xd55555d5
May 16 16:08:16 skyin-Lenovo kernel: iwlwifi 0000:03:00.0: Detected Intel(R) Dual Band Wireless-AC 8260
May 16 16:08:16 skyin-Lenovo systemd[1]: Created slice system-systemd\x2dbacklight.slice - Slice /system/systemd-backlight.
May 16 16:08:16 skyin-Lenovo kernel: iwlwifi 0000:03:00.0: loaded firmware version 36.ca7b901d.0 8000C-36.ucode op_mode iwlmvm
May 16 16:08:16 skyin-Lenovo systemd[1]: Starting systemd-backlight@leds:platform::kbd_backlight.service - Load/Save Screen Backlight Brightness of leds:platform::kbd_backlight...
May 16 16:08:16 skyin-Lenovo systemd[1]: Started systemd-rfkill.service - Load/Save RF Kill Switch Status.
May 16 16:08:16 skyin-Lenovo systemd[1]: Finished systemd-backlight@leds:platform::kbd_backlight.service - Load/Save Screen Backlight Brightness of leds:platform::kbd_backlight.
May 16 16:08:16 skyin-Lenovo systemd[1]: Mounted proc-sys-fs-binfmt_misc.mount - Arbitrary Executable File Formats File System.
May 16 16:08:16 skyin-Lenovo systemd[1]: Finished systemd-binfmt.service - Set Up Additional Binary Formats.
May 16 16:08:16 skyin-Lenovo kernel: intel_rapl_common: Found RAPL domain package
May 16 16:08:16 skyin-Lenovo kernel: intel_rapl_common: Found RAPL domain core
May 16 16:08:16 skyin-Lenovo kernel: intel_rapl_common: Found RAPL domain uncore
May 16 16:08:16 skyin-Lenovo kernel: intel_rapl_common: Found RAPL domain dram
May 16 16:08:16 skyin-Lenovo kernel: intel_rapl_common: Found RAPL domain psys
May 16 16:08:16 skyin-Lenovo kernel: Bluetooth: hci0: Bootloader revision 0.0 build 2 week 52 2014
May 16 16:08:16 skyin-Lenovo kernel: usbcore: registered new interface driver btusb
May 16 16:08:16 skyin-Lenovo kernel: Bluetooth: hci0: Device revision is 5
May 16 16:08:16 skyin-Lenovo kernel: Bluetooth: hci0: Secure boot is enabled
May 16 16:08:16 skyin-Lenovo kernel: Bluetooth: hci0: OTP lock is enabled
May 16 16:08:16 skyin-Lenovo kernel: Bluetooth: hci0: API lock is enabled
May 16 16:08:16 skyin-Lenovo kernel: Bluetooth: hci0: Debug lock is disabled
May 16 16:08:16 skyin-Lenovo kernel: Bluetooth: hci0: Minimum firmware build 1 week 10 2014
May 16 16:08:16 skyin-Lenovo kernel: Bluetooth: hci0: Found device firmware: intel/ibt-11-5.sfi
May 16 16:08:16 skyin-Lenovo kernel: proc_thermal 0000:00:04.0: enabling device (0000 -> 0002)
May 16 16:08:16 skyin-Lenovo kernel: intel_rapl_common: Found RAPL domain package
May 16 16:08:16 skyin-Lenovo kernel: intel_rapl_common: Found RAPL domain dram
May 16 16:08:16 skyin-Lenovo systemd[1]: systemd-ask-password-console.path - Dispatch Password Requests to Console Directory Watch was skipped because of an unmet condition check (ConditionPathExists=!/run/plymouth/pid).
May 16 16:08:16 skyin-Lenovo systemd[1]: ldconfig.service - Rebuild Dynamic Linker Cache was skipped because no trigger condition checks were met.
May 16 16:08:16 skyin-Lenovo kernel: usb 1-5: Found UVC 1.00 device EasyCamera (5986:1114)
May 16 16:08:16 skyin-Lenovo systemd[1]: Starting modprobe@dm_mod.service - Load Kernel Module dm_mod...
